Archive member included to satisfy reference by file (symbol)

/opt/devkitpro/libgba/lib/libmm.a(mm_mas.o)
                              bn_hw_audio.bn_noflto.o (mmStart)
/opt/devkitpro/libgba/lib/libmm.a(mm_main.o)
                              /opt/devkitpro/libgba/lib/libmm.a(mm_mas.o) (mmCallback)
/opt/devkitpro/libgba/lib/libmm.a(mm_effect.o)
                              bn_hw_audio.bn_noflto.o (mmEffect)
/opt/devkitpro/libgba/lib/libmm.a(mm_mas_arm.o)
                              /opt/devkitpro/libgba/lib/libmm.a(mm_mas.o) (mmAllocChannel)
/opt/devkitpro/libgba/lib/libmm.a(mm_mixer_gba.o)
                              bn_hw_audio.bn_noflto.o (mmVBlank)
/opt/devkitpro/libgba/lib/libmm.a(mm_main_gba.o)
                              /opt/devkitpro/libgba/lib/libmm.a(mm_mixer_gba.o) (mm_vblank_function)
/opt/devkitpro/devkitARM/bin/../lib/gcc/arm-none-eabi/12.2.0/thumb/libgcc.a(_call_via_rX.o)
                              /opt/devkitpro/libgba/lib/libmm.a(mm_main_gba.o) (_call_via_r1)
/opt/devkitpro/devkitARM/bin/../lib/gcc/arm-none-eabi/12.2.0/thumb/libgcc.a(_aeabi_ldivmod.o)
                              bn_hw_text.o (__aeabi_ldivmod)
/opt/devkitpro/devkitARM/bin/../lib/gcc/arm-none-eabi/12.2.0/thumb/libgcc.a(_aeabi_uldivmod.o)
                              bn_hw_text.o (__aeabi_uldivmod)
/opt/devkitpro/devkitARM/bin/../lib/gcc/arm-none-eabi/12.2.0/thumb/libgcc.a(_udivmoddi4.o)
                              /opt/devkitpro/devkitARM/bin/../lib/gcc/arm-none-eabi/12.2.0/thumb/libgcc.a(_aeabi_ldivmod.o) (__udivmoddi4)
/opt/devkitpro/devkitARM/bin/../lib/gcc/arm-none-eabi/12.2.0/../../../../arm-none-eabi/lib/thumb/libg.a(lib_a-init.o)
                              /opt/devkitpro/devkitARM/bin/../lib/gcc/arm-none-eabi/12.2.0/../../../../arm-none-eabi/lib/thumb/gba_crt0.o (__libc_init_array)
/opt/devkitpro/devkitARM/bin/../lib/gcc/arm-none-eabi/12.2.0/../../../../arm-none-eabi/lib/thumb/libsysbase.a(malloc_vars.o)
                              /opt/devkitpro/devkitARM/bin/../lib/gcc/arm-none-eabi/12.2.0/../../../../arm-none-eabi/lib/thumb/gba_crt0.o (fake_heap_end)

Discarded input sections

 .text          0x0000000000000000        0x0 /opt/devkitpro/devkitARM/bin/../lib/gcc/arm-none-eabi/12.2.0/../../../../arm-none-eabi/lib/thumb/gba_crt0.o
 .data          0x0000000000000000        0x0 /opt/devkitpro/devkitARM/bin/../lib/gcc/arm-none-eabi/12.2.0/../../../../arm-none-eabi/lib/thumb/gba_crt0.o
 .bss           0x0000000000000000        0x0 /opt/devkitpro/devkitARM/bin/../lib/gcc/arm-none-eabi/12.2.0/../../../../arm-none-eabi/lib/thumb/gba_crt0.o
 .text          0x0000000000000000        0x0 /opt/devkitpro/devkitARM/bin/../lib/gcc/arm-none-eabi/12.2.0/thumb/crti.o
 .data          0x0000000000000000        0x0 /opt/devkitpro/devkitARM/bin/../lib/gcc/arm-none-eabi/12.2.0/thumb/crti.o
 .bss           0x0000000000000000        0x0 /opt/devkitpro/devkitARM/bin/../lib/gcc/arm-none-eabi/12.2.0/thumb/crti.o
 .text          0x0000000000000000        0x0 /opt/devkitpro/devkitARM/bin/../lib/gcc/arm-none-eabi/12.2.0/thumb/crtbegin.o
 .data          0x0000000000000000        0x0 /opt/devkitpro/devkitARM/bin/../lib/gcc/arm-none-eabi/12.2.0/thumb/crtbegin.o
 .bss           0x0000000000000000        0x0 /opt/devkitpro/devkitARM/bin/../lib/gcc/arm-none-eabi/12.2.0/thumb/crtbegin.o
 .rodata.all_implied_fbits
                0x0000000000000000       0x24 /opt/devkitpro/devkitARM/bin/../lib/gcc/arm-none-eabi/12.2.0/thumb/crtbegin.o
 .data.__dso_handle
                0x0000000000000000        0x4 /opt/devkitpro/devkitARM/bin/../lib/gcc/arm-none-eabi/12.2.0/thumb/crtbegin.o
 .text          0x0000000000000000        0x0 _bn_audio_soundbank.bin.o
 .data          0x0000000000000000        0x0 _bn_audio_soundbank.bin.o
 .bss           0x0000000000000000        0x0 _bn_audio_soundbank.bin.o
 .text          0x0000000000000000        0x0 i_bn_gfx.o
 .data          0x0000000000000000        0x0 i_bn_gfx.o
 .bss           0x0000000000000000        0x0 i_bn_gfx.o
 .group         0x0000000000000000        0x8 main.o
 .group         0x0000000000000000        0xc main.o
 .text          0x0000000000000000        0x0 main.o
 .data          0x0000000000000000        0x0 main.o
 .bss           0x0000000000000000        0x0 main.o
 .group         0x0000000000000000        0xc bn_audio_manager.o
 .group         0x0000000000000000        0xc bn_audio_manager.o
 .group         0x0000000000000000        0xc bn_audio_manager.o
 .group         0x0000000000000000        0xc bn_audio_manager.o
 .group         0x0000000000000000        0xc bn_audio_manager.o
 .group         0x0000000000000000        0xc bn_audio_manager.o
 .group         0x0000000000000000        0xc bn_audio_manager.o
 .group         0x0000000000000000        0xc bn_audio_manager.o
 .group         0x0000000000000000        0xc bn_audio_manager.o
 .group         0x0000000000000000        0xc bn_audio_manager.o
 .group         0x0000000000000000        0xc bn_audio_manager.o
[...]
Memory Configuration

Name             Origin             Length             Attributes
rom              0x0000000008000000 0x0000000002000000
iwram            0x0000000003000000 0x0000000000008000
ewram            0x0000000002000000 0x0000000000040000
*default*        0x0000000000000000 0xffffffffffffffff

Linker script and memory map

                0x0000000008000000                __text_start = ORIGIN (rom)
                0x0000000002040000                __eheap_end = (ORIGIN (ewram) + LENGTH (ewram))
                0x0000000003000000                __iwram_start = ORIGIN (iwram)
                0x0000000003008000                __iwram_top = (ORIGIN (iwram) + LENGTH (iwram))
                0x0000000003007fa0                __sp_irq = (__iwram_top - 0x60)
                0x0000000003007f00                __sp_usr = (__sp_irq - 0xa0)
                0x0000000003007ff8                __irq_flags = 0x3007ff8
                0x0000000008000000                . = __text_start

.crt0           0x0000000008000000      0x210
 *(.crt0)
 .crt0          0x0000000008000000      0x210 /opt/devkitpro/devkitARM/bin/../lib/gcc/arm-none-eabi/12.2.0/../../../../arm-none-eabi/lib/thumb/gba_crt0.o
                0x0000000008000000                _start
                0x00000000080000c4                __boot_method
                0x00000000080000c5                __slave_number
                0x00000000080000e0                start_vector
                0x0000000008000210                . = ALIGN (0x4)

.init           0x0000000008000210        0xc
 *(SORT_NONE(.init))
 .init          0x0000000008000210        0x4 /opt/devkitpro/devkitARM/bin/../lib/gcc/arm-none-eabi/12.2.0/thumb/crti.o
                0x0000000008000210                _init
 .init          0x0000000008000214        0x8 /opt/devkitpro/devkitARM/bin/../lib/gcc/arm-none-eabi/12.2.0/thumb/crtn.o

.plt            0x000000000800021c        0x0
 *(.plt)
                0x000000000800021c                . = ALIGN (0x4)

.text           0x0000000008000220    0x11098
 *(EXCLUDE_FILE(*.iwram*) .text*)
 .text.__do_global_dtors_aux
                0x0000000008000220       0x2c /opt/devkitpro/devkitARM/bin/../lib/gcc/arm-none-eabi/12.2.0/thumb/crtbegin.o
 .text.frame_dummy
                0x000000000800024c       0x24 /opt/devkitpro/devkitARM/bin/../lib/gcc/arm-none-eabi/12.2.0/thumb/crtbegin.o
 .text.startup.main
                0x0000000008000270       0x2c main.o
                0x0000000008000270                main
 .text._ZN2bn13audio_manager4initEv
                0x000000000800029c        0xc bn_audio_manager.o
                0x000000000800029c                bn::audio_manager::init()
 .text._ZN2bn13audio_manager7disableEv
                0x00000000080002a8        0xc bn_audio_manager.o
                0x00000000080002a8                bn::audio_manager::disable()
 .text._ZN2bn13audio_manager22disable_vblank_handlerEv
                0x00000000080002b4        0xc bn_audio_manager.o
                0x00000000080002b4                bn::audio_manager::disable_vblank_handler()
 .text._ZN2bn13audio_manager6updateEv
                0x00000000080002c0       0x18 bn_audio_manager.o
                0x00000000080002c0                bn::audio_manager::update()
 .text._ZN2bn13audio_manager6commitEv
                0x00000000080002d8        0xc bn_audio_manager.o
                0x00000000080002d8                bn::audio_manager::commit()
 .text._ZN3_bn6assert9show_argsIA18_ciEEvPKcS4_S4_iRKT_RKT0_
                0x00000000080002e4       0x58 bn_audio_manager.o
                0x00000000080002e4                void _bn::assert::show_args<char [18], int>(char const*, char const*, char const*, int, char const (&) [18], int const&)
 .text._ZN3_bn6assert9show_argsIA14_ciEEvPKcS4_S4_iRKT_RKT0_
                0x000000000800033c       0x58 bn_audio_manager.o
                0x000000000800033c                void _bn::assert::show_args<char [14], int>(char const*, char const*, char const*, int, char const (&) [14], int const&)
 .text._ZN2bn13audio_manager16execute_commandsEv
                0x0000000008000394      0x178 bn_audio_manager.o
                0x0000000008000394                bn::audio_manager::execute_commands()
 .text._ZN3_bn6assert9show_argsIA26_ciEEvPKcS4_S4_iRKT_RKT0_
                0x000000000800050c       0x58 bn_audio_manager.o
                0x000000000800050c                void _bn::assert::show_args<char [26], int>(char const*, char const*, char const*, int, char const (&) [26], int const&)
 .text._ZN3_bn6assert9show_argsIA33_cEEvPKcS4_S4_iRKT_
                0x0000000008000564       0x50 bn_audio_manager.o
                0x0000000008000564                void _bn::assert::show_args<char [33]>(char const*, char const*, char const*, int, char const (&) [33])
 .text._ZN3_bn6assert9show_argsIA25_cEEvPKcS4_S4_iRKT_
                0x00000000080005b4       0x50 bn_audio_manager.o
                0x00000000080005b4                void _bn::assert::show_args<char [25]>(char const*, char const*, char const*, int, char const (&) [25])
 .text._ZN2bn13audio_manager10stop_musicEv
                0x0000000008000604       0x70 bn_audio_manager.o
                0x0000000008000604                bn::audio_manager::stop_music()
 .text._ZN2bn13audio_manager4stopEv
                0x0000000008000674       0x5c bn_audio_manager.o
                0x0000000008000674                bn::audio_manager::stop()
 .text._ZN3_bn6assert9show_argsIA24_cEEvPKcS4_S4_iRKT_
                0x00000000080006d0       0x50 bn_audio_manager.o
                0x00000000080006d0                void _bn::assert::show_args<char [24]>(char const*, char const*, char const*, int, char const (&) [24])
 .text._ZN2bn13ostringstream6appendILi12EEEvNS_7fixed_tIXT_EEE
                0x0000000008000720       0xa0 bn_audio_manager.o
                0x0000000008000720                void bn::ostringstream::append<12>(bn::fixed_t<12>)
 .text._ZN3_bn6assert9show_argsIA25_cN2bn7fixed_tILi12EEEEEvPKcS7_S7_iRKT_RKT0_
                0x00000000080007c0       0x58 bn_audio_manager.o
                0x00000000080007c0                void _bn::assert::show_args<char [25], bn::fixed_t<12> >(char const*, char const*, char const*, int, char const (&) [25], bn::fixed_t<12> const&)
 .text._ZNK2bn10music_item4playENS_7fixed_tILi12EEE
                0x0000000008000818       0x9c bn_audio_manager.o
                0x0000000008000818                bn::music_item::play(bn::fixed_t<12>) const
 .text.startup._GLOBAL__sub_I__ZN2bn5audio16update_on_vblankEv
                0x00000000080008b4       0x30 bn_audio_manager.o
 .text._ZN3_bn6assert9show_argsIA23_cEEvPKcS4_S4_iRKT_
                0x00000000080008e4       0x50 bn_best_fit_allocator.o
                0x00000000080008e4                void _bn::assert::show_args<char [23]>(char const*, char const*, char const*, int, char const (&) [23])
 .text._ZN2bn18best_fit_allocatorD2Ev
                0x0000000008000934       0x34 bn_best_fit_allocator.o
                0x0000000008000934                bn::best_fit_allocator::~best_fit_allocator()
                0x0000000008000934                bn::best_fit_allocator::~best_fit_allocator()
 .text._ZN3_bn6assert9show_argsIA16_ciEEvPKcS4_S4_iRKT_RKT0_
                0x0000000008000968       0x58 bn_best_fit_allocator.o
                0x0000000008000968                void _bn::assert::show_args<char [16], int>(char const*, char const*, char const*, int, char const (&) [16], int const&)
 .text._ZN3_bn6assert9show_argsIA14_cEEvPKcS4_S4_iRKT_
                0x00000000080009c0       0x50 bn_best_fit_allocator.o
                0x00000000080009c0                void _bn::assert::show_args<char [14]>(char const*, char const*, char const*, int, char const (&) [14])
 .text._ZN3_bn6assert9show_argsIA21_cEEvPKcS4_S4_iRKT_
                0x0000000008000a10       0x50 bn_best_fit_allocator.o
                0x0000000008000a10                void _bn::assert::show_args<char [21]>(char const*, char const*, char const*, int, char const (&) [21])
 .text._ZN2bn18best_fit_allocator5resetEPvi
                0x0000000008000a60       0xc8 bn_best_fit_allocator.o
                0x0000000008000a60                bn::best_fit_allocator::reset(void*, int)
 .text._ZN2bn17bg_blocks_manager12_GLOBAL__N_125_regular_map_blocks_countEii
                0x0000000008000b28       0x38 bn_bg_blocks_manager.o
 .text._ZN2bn13ostringstream11append_argsIiJA4_ctEEEvRKT_DpRKT0_.isra.0
                0x0000000008000b60       0x24 bn_bg_blocks_manager.o
 .text._ZN2bn13ostringstream11append_argsIiJA4_ciEEEvRKT_DpRKT0_.isra.0
                0x0000000008000b84       0x24 bn_bg_blocks_manager.o
 .text._ZNK2bn18regular_bg_map_ptr2idEv
                0x0000000008000ba8       0x18 bn_bg_blocks_manager.o
                0x0000000008000ba8                bn::regular_bg_map_ptr::id() const
 .text._ZNK2bn18regular_bg_map_ptr10dimensionsEv
                0x0000000008000bc0       0x20 bn_bg_blocks_manager.o
                0x0000000008000bc0                bn::regular_bg_map_ptr::dimensions() const
 .text._ZNK2bn20regular_bg_tiles_ptr3cbbEv
                0x0000000008000be0       0x18 bn_bg_blocks_manager.o
                0x0000000008000be0                bn::regular_bg_tiles_ptr::cbb() const
 .text._ZNK2bn17affine_bg_map_ptr2idEv
                0x0000000008000bf8       0x18 bn_bg_blocks_manager.o
                0x0000000008000bf8                bn::affine_bg_map_ptr::id() const
 .text._ZNK2bn17affine_bg_map_ptr10dimensionsEv
                0x0000000008000c10       0x20 bn_bg_blocks_manager.o
                0x0000000008000c10                bn::affine_bg_map_ptr::dimensions() const
 .text._ZNK2bn19affine_bg_tiles_ptr3cbbEv
                0x0000000008000c30       0x18 bn_bg_blocks_manager.o
                0x0000000008000c30                bn::affine_bg_tiles_ptr::cbb() const
 .text._ZN2bn17bg_blocks_manager10log_statusEv
                0x0000000008000c48      0x3f8 bn_bg_blocks_manager.o
                0x0000000008000c48                bn::bg_blocks_manager::log_status()
 .text._ZN2bn17bg_blocks_manager15decrease_usagesEi
                0x0000000008001040       0x98 bn_bg_blocks_manager.o
                0x0000000008001040                bn::bg_blocks_manager::decrease_usages(int)
 .text._ZN2bn18regular_bg_map_ptrD2Ev
                0x00000000080010d8       0x18 bn_bg_blocks_manager.o
                0x00000000080010d8                bn::regular_bg_map_ptr::~regular_bg_map_ptr()
                0x00000000080010d8                bn::regular_bg_map_ptr::~regular_bg_map_ptr()
 .text._ZN2bn17bg_blocks_manager12_GLOBAL__N_110items_list12insert_afterEiRKNS1_9item_typeE.constprop.0
                0x00000000080010f0      0x240 bn_bg_blocks_manager.o
 .text._ZN2bn17bg_blocks_manager4initEv
                0x0000000008001330       0x7c bn_bg_blocks_manager.o
                0x0000000008001330                bn::bg_blocks_manager::init()
 .text._ZN2bn17bg_blocks_manager11must_commitEi
                0x00000000080013ac       0x18 bn_bg_blocks_manager.o
                0x00000000080013ac                bn::bg_blocks_manager::must_commit(int)
 .text._ZN3_bn6assert9show_argsIA27_ciEEvPKcS4_S4_iRKT_RKT0_
                0x00000000080013c4       0x58 bn_bg_blocks_manager.o
                0x00000000080013c4                void _bn::assert::show_args<char [27], int>(char const*, char const*, char const*, int, char const (&) [27], int const&)
 .text._ZN3_bn6assert9show_argsIA15_ciEEvPKcS4_S4_iRKT_RKT0_
                0x000000000800141c       0x58 bn_bg_blocks_manager.o
                0x000000000800141c                void _bn::assert::show_args<char [15], int>(char const*, char const*, char const*, int, char const (&) [15], int const&)
 .text._ZN3_bn6assert9show_argsIJA22_ciA4_ciEEEvPKcS5_S5_iDpRKT_
                0x0000000008001474       0x5c bn_bg_blocks_manager.o
                0x0000000008001474                void _bn::assert::show_args<char [22], int, char [4], int>(char const*, char const*, char const*, int, char const (&) [22], int const&, char const (&) [4], int const&)
 .text._ZN3_bn6assert9show_argsIJA58_ciA4_ciEEEvPKcS5_S5_iDpRKT_
                0x00000000080014d0       0x5c bn_bg_blocks_manager.o
                0x00000000080014d0                void _bn::assert::show_args<char [58], int, char [4], int>(char const*, char const*, char const*, int, char const (&) [58], int const&, char const (&) [4], int const&)
 .text._ZN3_bn6assert9show_argsIA22_ciEEvPKcS4_S4_iRKT_RKT0_
                0x000000000800152c       0x58 bn_bg_blocks_manager.o
                0x000000000800152c                void _bn::assert::show_args<char [22], int>(char const*, char const*, char const*, int, char const (&) [22], int const&)
 .text._ZN3_bn6assert9show_argsIJA44_cPKtA4_cS4_EEEvPKcS7_S7_iDpRKT_
                0x0000000008001584       0x6c bn_bg_blocks_manager.o
                0x0000000008001584                void _bn::assert::show_args<char [44], unsigned short const*, char [4], unsigned short const*>(char const*, char const*, char const*, int, char const (&) [44], unsigned short const* const&, char const (&) [4], unsigned short const* const&)
 .text._ZN3_bn6assert9show_argsIJA46_ciA4_ciEEEvPKcS5_S5_iDpRKT_
                0x00000000080015f0       0x5c bn_bg_blocks_manager.o
                0x00000000080015f0                void _bn::assert::show_args<char [46], int, char [4], int>(char const*, char const*, char const*, int, char const (&) [46], int const&, char const (&) [4], int const&)
 .text._ZN3_bn6assert9show_argsIJA37_cbA4_cbEEEvPKcS5_S5_iDpRKT_
                0x000000000800164c       0x84 bn_bg_blocks_manager.o
                0x000000000800164c                void _bn::assert::show_args<char [37], bool, char [4], bool>(char const*, char const*, char const*, int, char const (&) [37], bool const&, char const (&) [4], bool const&)
 .text._ZN3_bn6assert9show_argsIA19_cEEvPKcS4_S4_iRKT_
                0x00000000080016d0       0x50 bn_bg_blocks_manager.o
                0x00000000080016d0                void _bn::assert::show_args<char [19]>(char const*, char const*, char const*, int, char const (&) [19])
 .text._ZN2bn17bg_blocks_manager12_GLOBAL__N_116_find_tiles_implEPKtNS_16compression_typeEib
                0x0000000008001720      0x1e8 bn_bg_blocks_manager.o
 .text._ZN3_bn6assert9show_argsIJA34_ciA4_ctEEEvPKcS5_S5_iDpRKT_
                0x0000000008001908       0x5c bn_bg_blocks_manager.o
                0x0000000008001908                void _bn::assert::show_args<char [34], int, char [4], unsigned short>(char const*, char const*, char const*, int, char const (&) [34], int const&, char const (&) [4], unsigned short const&)
 .text._ZN3_bn6assert9show_argsIJA36_ciA4_ctEEEvPKcS5_S5_iDpRKT_
                0x0000000008001964       0x5c bn_bg_blocks_manager.o
                0x0000000008001964                void _bn::assert::show_args<char [36], int, char [4], unsigned short>(char const*, char const*, char const*, int, char const (&) [36], int const&, char const (&) [4], unsigned short const&)
 .text._ZN3_bn6assert9show_argsIJA54_ciA4_ciEEEvPKcS5_S5_iDpRKT_
                0x00000000080019c0       0x5c bn_bg_blocks_manager.o
                0x00000000080019c0                void _bn::assert::show_args<char [54], int, char [4], int>(char const*, char const*, char const*, int, char const (&) [54], int const&, char const (&) [4], int const&)
 .text._ZN3_bn6assert9show_argsIA22_cEEvPKcS4_S4_iRKT_
                0x0000000008001a1c       0x50 bn_bg_blocks_manager.o
                0x0000000008001a1c                void _bn::assert::show_args<char [22]>(char const*, char const*, char const*, int, char const (&) [22])
 .text._ZNK2bn18regular_bg_map_ptr5tilesEv
                0x0000000008001a6c       0x48 bn_bg_blocks_manager.o
                0x0000000008001a6c                bn::regular_bg_map_ptr::tiles() const
 .text._ZNK2bn17affine_bg_map_ptr5tilesEv
                0x0000000008001ab4       0x48 bn_bg_blocks_manager.o
                0x0000000008001ab4                bn::affine_bg_map_ptr::tiles() const
 .text._ZNK2bn18regular_bg_map_ptr3bppEv
                0x0000000008001afc       0x4c bn_bg_blocks_manager.o
                0x0000000008001afc                bn::regular_bg_map_ptr::bpp() const
 .text._ZN2bn17bg_blocks_manager21update_affine_map_rowEiii
                0x0000000008001b48      0x104 bn_bg_blocks_manager.o
                0x0000000008001b48                bn::bg_blocks_manager::update_affine_map_row(int, int, int)
 .text._ZN2bn17bg_blocks_manager23set_affine_map_positionEiii
                0x0000000008001c4c      0x1b0 bn_bg_blocks_manager.o
                0x0000000008001c4c                bn::bg_blocks_manager::set_affine_map_position(int, int, int)
 .text._ZN2bn17bg_blocks_manager21update_affine_map_colEiii
                0x0000000008001dfc      0x224 bn_bg_blocks_manager.o
                0x0000000008001dfc                bn::bg_blocks_manager::update_affine_map_col(int, int, int)
 .text._ZN2bn17bg_blocks_manager22update_regular_map_colEiii
                0x0000000008002020      0x174 bn_bg_blocks_manager.o
                0x0000000008002020                bn::bg_blocks_manager::update_regular_map_col(int, int, int)
 .text._ZN2bn17bg_blocks_manager22update_regular_map_rowEiii
                0x0000000008002194      0x14c bn_bg_blocks_manager.o
                0x0000000008002194                bn::bg_blocks_manager::update_regular_map_row(int, int, int)
 .text._ZN2bn17bg_blocks_manager24set_regular_map_positionEiii
                0x00000000080022e0      0x1d8 bn_bg_blocks_manager.o
                0x00000000080022e0                bn::bg_blocks_manager::set_regular_map_position(int, int, int)
 .text._ZN2bn17bg_blocks_manager12_GLOBAL__N_112_commit_itemERKNS1_9item_typeE
                0x00000000080024b8      0x2bc bn_bg_blocks_manager.o
 .text._ZN2bn17bg_blocks_manager6commitEv
                0x0000000008002774       0x40 bn_bg_blocks_manager.o
                0x0000000008002774                bn::bg_blocks_manager::commit()
 .text._ZN2bn17bg_blocks_manager21set_regular_map_tilesEiONS_20regular_bg_tiles_ptrE
                0x00000000080027b4      0x25c bn_bg_blocks_manager.o
                0x00000000080027b4                bn::bg_blocks_manager::set_regular_map_tiles(int, bn::regular_bg_tiles_ptr&&)
 .text._ZN2bn17bg_blocks_manager23set_regular_map_paletteEiONS_14bg_palette_ptrE
                0x0000000008002a10      0x224 bn_bg_blocks_manager.o
                0x0000000008002a10                bn::bg_blocks_manager::set_regular_map_palette(int, bn::bg_palette_ptr&&)
 .text._ZN3_bn6assert9show_argsIJA34_ciA4_ciEEEvPKcS5_S5_iDpRKT_
                0x0000000008002c34       0x5c bn_bg_blocks_manager.o
                0x0000000008002c34                void _bn::assert::show_args<char [34], int, char [4], int>(char const*, char const*, char const*, int, char const (&) [34], int const&, char const (&) [4], int const&)
 .text._ZN3_bn6assert9show_argsIJA38_ciA4_ciEEEvPKcS5_S5_iDpRKT_
                0x0000000008002c90       0x5c bn_bg_blocks_manager.o
                0x0000000008002c90                void _bn::assert::show_args<char [38], int, char [4], int>(char const*, char const*, char const*, int, char const (&) [38], int const&, char const (&) [4], int const&)
 .text._ZN3_bn6assert9show_argsIJA32_cA15_cPKtA16_ciA17_ciA34_cN2bn11string_viewEEEEvPKcSC_SC_iDpRKT_
                0x0000000008002cec       0x94 bn_bg_blocks_manager.o
                0x0000000008002cec                void _bn::assert::show_args<char [32], char [15], unsigned short const*, char [16], int, char [17], int, char [34], bn::string_view>(char const*, char const*, char const*, int, char const (&) [32], char const (&) [15], unsigned short const* const&, char const (&) [16], int const&, char const (&) [17], int const&, char const (&) [34], bn::string_view const&)
 .text._ZN3_bn6assert9show_argsIA26_cEEvPKcS4_S4_iRKT_
                0x0000000008002d80       0x50 bn_bg_blocks_manager.o
                0x0000000008002d80                void _bn::assert::show_args<char [26]>(char const*, char const*, char const*, int, char const (&) [26])
 .text._ZN3_bn6assert9show_argsIA46_cEEvPKcS4_S4_iRKT_
                0x0000000008002dd0       0x50 bn_bg_blocks_manager.o
                0x0000000008002dd0                void _bn::assert::show_args<char [46]>(char const*, char const*, char const*, int, char const (&) [46])
 .text._ZN3_bn6assert9show_argsIJA30_cA13_cPKtA14_ciA15_ciA17_ciA34_cN2bn11string_viewEEEEvPKcSD_SD_iDpRKT_
                0x0000000008002e20       0xa8 bn_bg_blocks_manager.o
                0x0000000008002e20                void _bn::assert::show_args<char [30], char [13], unsigned short const*, char [14], int, char [15], int, char [17], int, char [34], bn::string_view>(char const*, char const*, char const*, int, char const (&) [30], char const (&) [13], unsigned short const* const&, char const (&) [14], int const&, char const (&) [15], int const&, char const (&) [17], int const&, char const (&) [34], bn::string_view const&)
 .text._ZN3_bn6assert9show_argsIA17_cEEvPKcS4_S4_iRKT_
                0x0000000008002ec8       0x50 bn_bg_blocks_manager.o
                0x0000000008002ec8                void _bn::assert::show_args<char [17]>(char const*, char const*, char const*, int, char const (&) [17])
 .text._ZN3_bn6assert9show_argsIJA37_ciA4_ciEEEvPKcS5_S5_iDpRKT_
                0x0000000008002f18       0x5c bn_bg_blocks_manager.o
                0x0000000008002f18                void _bn::assert::show_args<char [37], int, char [4], int>(char const*, char const*, char const*, int, char const (&) [37], int const&, char const (&) [4], int const&)
 .text._ZN2bn17bg_blocks_manager33set_regular_map_tiles_and_paletteEiONS_20regular_bg_tiles_ptrEONS_14bg_palette_ptrE
                0x0000000008002f74      0x2e8 bn_bg_blocks_manager.o
                0x0000000008002f74                bn::bg_blocks_manager::set_regular_map_tiles_and_palette(int, bn::regular_bg_tiles_ptr&&, bn::bg_palette_ptr&&)
 .text._ZN2bn17bg_blocks_manager12_GLOBAL__N_122_find_regular_map_implERKNS_19regular_bg_map_itemERKNS_20regular_bg_tiles_ptrERKNS_14bg_palette_ptrE
                0x000000000800325c      0x394 bn_bg_blocks_manager.o
 .text._ZN2bn13ostringstream11append_argsIA4_cJiEEEvRKT_DpRKT0_
                0x00000000080035f0       0x18 bn_bg_blocks_manager.o
                0x00000000080035f0                void bn::ostringstream::append_args<char [4], int>(char const (&) [4], int const&)
 .text._ZN3_bn6assert9show_argsIA25_ciEEvPKcS4_S4_iRKT_RKT0_
                0x0000000008003608       0x58 bn_bg_blocks_manager.o
                0x0000000008003608                void _bn::assert::show_args<char [25], int>(char const*, char const*, char const*, int, char const (&) [25], int const&)
 .text._ZN2bn14iunordered_mapIPKviNS_17bg_blocks_manager12_GLOBAL__N_115identity_hasherENS_8equal_toIS2_EEE5eraseERKNS8_14const_iteratorE.constprop.0.isra.0
                0x0000000008003660      0x1a8 bn_bg_blocks_manager.o
 .text._ZN2bn17bg_blocks_manager12_GLOBAL__N_121_remove_adjacent_itemEiRNS1_9item_typeE
                0x0000000008003808       0xcc bn_bg_blocks_manager.o
 .text._ZN2bn17bg_blocks_manager6updateEv
                0x00000000080038d4      0x200 bn_bg_blocks_manager.o
                0x00000000080038d4                bn::bg_blocks_manager::update()
 .text._ZN2bn17bg_blocks_manager12_GLOBAL__N_112_create_itemEiibONS1_11create_dataE
                0x0000000008003ad4      0x538 bn_bg_blocks_manager.o
 .text._ZN2bn17bg_blocks_manager12_GLOBAL__N_112_create_implEONS1_11create_dataE
                0x000000000800400c      0x1d0 bn_bg_blocks_manager.o
 .text._ZN2bn17bg_blocks_manager20create_regular_tilesERKNS_21regular_bg_tiles_itemEb
                0x00000000080041dc      0x148 bn_bg_blocks_manager.o
                0x00000000080041dc                bn::bg_blocks_manager::create_regular_tiles(bn::regular_bg_tiles_item const&, bool)
 .text._ZN2bn17bg_blocks_manager18create_regular_mapERKNS_19regular_bg_map_itemEONS_20regular_bg_tiles_ptrEONS_14bg_palette_ptrEb
                0x0000000008004324      0x280 bn_bg_blocks_manager.o
                0x0000000008004324                bn::bg_blocks_manager::create_regular_map(bn::regular_bg_map_item const&, bn::regular_bg_tiles_ptr&&, bn::bg_palette_ptr&&, bool)
 .text._ZN2bn18regular_bg_map_ptr6createERKNS_15regular_bg_itemE
                0x00000000080045a4       0x50 bn_bg_blocks_manager.o
                0x00000000080045a4                bn::regular_bg_map_ptr::create(bn::regular_bg_item const&)
 .text.startup._GLOBAL__sub_I__ZN2bn7bg_maps16used_cells_countEv
                0x00000000080045f4       0x98 bn_bg_blocks_manager.o
 .text.exit._GLOBAL__sub_D__ZN2bn7bg_maps16used_cells_countEv
                0x000000000800468c       0x50 bn_bg_blocks_manager.o
 .text._ZN2bn11bgs_manager12_GLOBAL__N_129_check_unique_regular_big_mapERNS1_9item_typeE
                0x00000000080046dc       0x68 bn_bgs_manager.o
 .text._ZN2bn11bgs_manager12_GLOBAL__N_133_update_item_hw_affine_attributesERKNS1_9item_typeE
                0x0000000008004744       0x48 bn_bgs_manager.o
 .text._ZN2bn13ostringstream11append_argsIiJA4_ciEEEvRKT_DpRKT0_.isra.0
                0x000000000800478c       0x24 bn_bgs_manager.o
 .text._ZN2bn11bgs_manager5hw_idEPv
                0x00000000080047b0        0x8 bn_bgs_manager.o
                0x00000000080047b0                bn::bgs_manager::hw_id(void*)
 .text._ZN2bn11bgs_manager11hw_positionEPv
                0x00000000080047b8        0x4 bn_bgs_manager.o
                0x00000000080047b8                bn::bgs_manager::hw_position(void*)
 .text._ZN2bn11bgs_manager14mat_attributesEPv
                0x00000000080047bc        0x4 bn_bgs_manager.o
                0x00000000080047bc                bn::bgs_manager::mat_attributes(void*)
 .text._ZN2bn11bgs_manager20update_windows_flagsEPj
                0x00000000080047c0       0x7c bn_bgs_manager.o
                0x00000000080047c0                bn::bgs_manager::update_windows_flags(unsigned int*)
 .text._ZN2bn11bgs_manager28update_regular_map_tiles_cbbEii
                0x000000000800483c       0xa8 bn_bgs_manager.o
                0x000000000800483c                bn::bgs_manager::update_regular_map_tiles_cbb(int, int)
 .text._ZN2bn11bgs_manager30update_regular_map_palette_bppEiNS_8bpp_modeE
                0x00000000080048e4       0xac bn_bgs_manager.o
                0x00000000080048e4                bn::bgs_manager::update_regular_map_palette_bpp(int, bn::bpp_mode)
 .text._ZN2bn11bgs_manager36fill_hblank_effect_regular_positionsEiPKNS_7fixed_tILi12EEEPt
                0x0000000008004990       0x38 bn_bgs_manager.o
                0x0000000008004990                bn::bgs_manager::fill_hblank_effect_regular_positions(int, bn::fixed_t<12> const*, unsigned short*)
 .text._ZN2bn11bgs_manager45fill_hblank_effect_pivot_horizontal_positionsEPvPKNS_7fixed_tILi12EEEPj
                0x00000000080049c8       0x24 bn_bgs_manager.o
                0x00000000080049c8                bn::bgs_manager::fill_hblank_effect_pivot_horizontal_positions(void*, bn::fixed_t<12> const*, unsigned int*)
 .text._ZN2bn11bgs_manager43fill_hblank_effect_pivot_vertical_positionsEPvPKNS_7fixed_tILi12EEEPj
                0x00000000080049ec       0x24 bn_bgs_manager.o
                0x00000000080049ec                bn::bgs_manager::fill_hblank_effect_pivot_vertical_positions(void*, bn::fixed_t<12> const*, unsigned int*)
 .text._ZN2bn11bgs_manager6commitEb
                0x0000000008004a10       0x58 bn_bgs_manager.o
                0x0000000008004a10                bn::bgs_manager::commit(bool)
 .text._ZN2bn11bgs_manager4stopEv
                0x0000000008004a68       0x28 bn_bgs_manager.o
                0x0000000008004a68                bn::bgs_manager::stop()
 .text._ZN3_bn6assert9show_argsIA17_ciEEvPKcS4_S4_iRKT_RKT0_
                0x0000000008004a90       0x58 bn_bgs_manager.o
                0x0000000008004a90                void _bn::assert::show_args<char [17], int>(char const*, char const*, char const*, int, char const (&) [17], int const&)
 .text._ZN3_bn6assert9show_argsIA30_cEEvPKcS4_S4_iRKT_
                0x0000000008004ae8       0x50 bn_bgs_manager.o
                0x0000000008004ae8                void _bn::assert::show_args<char [30]>(char const*, char const*, char const*, int, char const (&) [30])
 .text._ZN3_bn6assert9show_argsIJA60_ciA4_ciEEEvPKcS5_S5_iDpRKT_
                0x0000000008004b38       0x5c bn_bgs_manager.o
                0x0000000008004b38                void _bn::assert::show_args<char [60], int, char [4], int>(char const*, char const*, char const*, int, char const (&) [60], int const&, char const (&) [4], int const&)
 .text._ZN3_bn6assert9show_argsIJA59_ciA4_ciEEEvPKcS5_S5_iDpRKT_
                0x0000000008004b94       0x5c bn_bgs_manager.o
                0x0000000008004b94                void _bn::assert::show_args<char [59], int, char [4], int>(char const*, char const*, char const*, int, char const (&) [59], int const&, char const (&) [4], int const&)
 .text._ZN3_bn6assert9show_argsIJA57_ciA4_ciEEEvPKcS5_S5_iDpRKT_
                0x0000000008004bf0       0x5c bn_bgs_manager.o
                0x0000000008004bf0                void _bn::assert::show_args<char [57], int, char [4], int>(char const*, char const*, char const*, int, char const (&) [57], int const&, char const (&) [4], int const&)
 .text._ZN2bn11bgs_manager14update_camerasEv
                0x0000000008004c4c      0x2b4 bn_bgs_manager.o
                0x0000000008004c4c                bn::bgs_manager::update_cameras()
 .text._ZN3_bn6assert9show_argsIA27_cEEvPKcS4_S4_iRKT_
                0x0000000008004f00       0x50 bn_bgs_manager.o
                0x0000000008004f00                void _bn::assert::show_args<char [27]>(char const*, char const*, char const*, int, char const (&) [27])
 .text._ZN3_bn6assert9show_argsIA31_cEEvPKcS4_S4_iRKT_
                0x0000000008004f50       0x50 bn_bgs_manager.o
                0x0000000008004f50                void _bn::assert::show_args<char [31]>(char const*, char const*, char const*, int, char const (&) [31])
 .text._ZN2bn11bgs_manager15rebuild_handlesEv.part.0
                0x0000000008004fa0      0x19c bn_bgs_manager.o
 .text._ZN2bn11bgs_manager37fill_hblank_effect_regular_attributesEPvPKNS_21regular_bg_attributesEPt
                0x000000000800513c      0x104 bn_bgs_manager.o
                0x000000000800513c                bn::bgs_manager::fill_hblank_effect_regular_attributes(void*, bn::regular_bg_attributes const*, unsigned short*)
 .text._ZN2bn11bgs_manager6updateEv
                0x0000000008005240      0x1d0 bn_bgs_manager.o
                0x0000000008005240                bn::bgs_manager::update()
 .text._ZN2bn11bgs_manager15commit_big_mapsEv
                0x0000000008005410      0x1d4 bn_bgs_manager.o
                0x0000000008005410                bn::bgs_manager::commit_big_maps()
 .text._ZN2bn11bgs_manager36fill_hblank_effect_affine_attributesEPvPKNS_20affine_bg_attributesEPt
                0x00000000080055e4      0x108 bn_bgs_manager.o
                0x00000000080055e4                bn::bgs_manager::fill_hblank_effect_affine_attributes(void*, bn::affine_bg_attributes const*, unsigned short*)
 .text._ZN2bn11bgs_manager12_GLOBAL__N_19item_type18update_regular_mapEv
                0x00000000080056ec      0x238 bn_bgs_manager.o
 .text._ZN2bn18regular_bg_builder11release_mapEv
                0x0000000008005924       0x78 bn_bgs_manager.o
                0x0000000008005924                bn::regular_bg_builder::release_map()
 .text._ZN2bn11bgs_manager11regular_mapEPv
                0x000000000800599c       0x34 bn_bgs_manager.o
                0x000000000800599c                bn::bgs_manager::regular_map(void*)
 .text._ZN2bn11bgs_manager10affine_mapEPv
                0x00000000080059d0       0x34 bn_bgs_manager.o
                0x00000000080059d0                bn::bgs_manager::affine_map(void*)
 .text._ZN3_bn6assert9show_argsIA15_cEEvPKcS4_S4_iRKT_
                0x0000000008005a04       0x50 bn_bgs_manager.o
                0x0000000008005a04                void _bn::assert::show_args<char [15]>(char const*, char const*, char const*, int, char const (&) [15])
 .text._ZN2bn11bgs_manager12_GLOBAL__N_112_insert_itemERNS1_9item_typeE
                0x0000000008005a54      0x100 bn_bgs_manager.o
 .text._ZN3_bn6assert9show_argsIA13_cEEvPKcS4_S4_iRKT_
                0x0000000008005b54       0x50 bn_bgs_manager.o
                0x0000000008005b54                void _bn::assert::show_args<char [13]>(char const*, char const*, char const*, int, char const (&) [13])
 .text._ZN2bn11bgs_manager6createEONS_18regular_bg_builderE
                0x0000000008005ba4      0x1f4 bn_bgs_manager.o
                0x0000000008005ba4                bn::bgs_manager::create(bn::regular_bg_builder&&)
 .text._ZNK2bn15regular_bg_item9create_bgENS_7fixed_tILi12EEES2_
                0x0000000008005d98       0x74 bn_bgs_manager.o
                0x0000000008005d98                bn::regular_bg_item::create_bg(bn::fixed_t<12>, bn::fixed_t<12>) const
 .text.startup._GLOBAL__sub_I__ZN2bn3bgs16used_items_countEv
                0x0000000008005e0c       0x80 bn_bgs_manager.o
 .text.exit._GLOBAL__sub_D__ZN2bn3bgs16used_items_countEv
                0x0000000008005e8c       0x14 bn_bgs_manager.o
 .text._ZN2bn10camera_ptrD2Ev
                0x0000000008005ea0       0x38 bn_cameras_manager.o
                0x0000000008005ea0                bn::camera_ptr::~camera_ptr()
                0x0000000008005ea0                bn::camera_ptr::~camera_ptr()
 .text._ZNK2bn10camera_ptr8positionEv
                0x0000000008005ed8       0x14 bn_cameras_manager.o
                0x0000000008005ed8                bn::camera_ptr::position() const
 .text._ZN2bn15cameras_manager4initEv
                0x0000000008005eec       0x10 bn_cameras_manager.o
                0x0000000008005eec                bn::cameras_manager::init()
 .text._ZN2bn15cameras_manager6updateEv
                0x0000000008005efc       0x28 bn_cameras_manager.o
                0x0000000008005efc                bn::cameras_manager::update()
 .text._ZN2bn4core12_GLOBAL__N_14stopEb.constprop.0
                0x0000000008005f24       0x54 bn_core.o
 .text._ZN2bn4core12_GLOBAL__N_111update_implEv
                0x0000000008005f78       0xcc bn_core.o
 .text._ZN2bn11string_viewC2EPKc
                0x0000000008006044       0x1c bn_core.o
                0x0000000008006044                bn::string_view::string_view(char const*)
                0x0000000008006044                bn::string_view::string_view(char const*)
 .text._ZN2bn4core6updateEv
                0x0000000008006060       0x68 bn_core.o
                0x0000000008006060                bn::core::update()
 .text._ZN2bn4core4initERKNS_11string_viewE
                0x00000000080060c8       0x94 bn_core.o
                0x00000000080060c8                bn::core::init(bn::string_view const&)
 .text._ZN2bn4core4initEv
                0x000000000800615c       0x18 bn_core.o
                0x000000000800615c                bn::core::init()
 .text._ZN2bn4core9on_vblankEv
                0x0000000008006174       0x34 bn_core.o
                0x0000000008006174                bn::core::on_vblank()
 .text._ZN3_bn6assert4showEPKcS2_S2_iRKN2bn12istring_baseE
                0x00000000080061a8       0x80 bn_core.o
                0x00000000080061a8                _bn::assert::show(char const*, char const*, char const*, int, bn::istring_base const&)
 .text.startup._GLOBAL__sub_I__ZN2bn4core4initEv
                0x0000000008006228       0x44 bn_core.o
 .text._ZN2bn15display_manager12_GLOBAL__N_134_update_rect_windows_hw_boundariesEi
                0x000000000800626c       0x8c bn_display_manager.o
 .text._ZN2bn15display_manager4initEv
                0x00000000080062f8       0x40 bn_display_manager.o
                0x00000000080062f8                bn::display_manager::init()
 .text._ZN2bn15display_manager8set_modeEi
                0x0000000008006338       0x1c bn_display_manager.o
                0x0000000008006338                bn::display_manager::set_mode(int)
 .text._ZN2bn15display_manager14set_bg_enabledEib
                0x0000000008006354       0x1c bn_display_manager.o
                0x0000000008006354                bn::display_manager::set_bg_enabled(int, bool)
 .text._ZN2bn15display_manager15disable_all_bgsEv
                0x0000000008006370       0x18 bn_display_manager.o
                0x0000000008006370                bn::display_manager::disable_all_bgs()
 .text._ZN2bn15display_manager36fill_mosaic_hblank_effect_attributesEPKNS_17mosaic_attributesEPt
                0x0000000008006388       0xb4 bn_display_manager.o
                0x0000000008006388                bn::display_manager::fill_mosaic_hblank_effect_attributes(bn::mosaic_attributes const*, unsigned short*)
 .text._ZN2bn15display_manager23set_blending_bg_enabledEib
                0x000000000800643c       0x14 bn_display_manager.o
                0x000000000800643c                bn::display_manager::set_blending_bg_enabled(int, bool)
 .text._ZN2bn15display_manager32blending_transparency_top_weightEv
                0x0000000008006450       0x18 bn_display_manager.o
                0x0000000008006450                bn::display_manager::blending_transparency_top_weight()
 .text._ZN2bn15display_manager35blending_transparency_bottom_weightEv
                0x0000000008006468       0x28 bn_display_manager.o
                0x0000000008006468                bn::display_manager::blending_transparency_bottom_weight()
 .text._ZN2bn15display_manager51fill_blending_transparency_hblank_effect_attributesEPKNS_32blending_transparency_attributesEPt
                0x0000000008006490       0x30 bn_display_manager.o
                0x0000000008006490                bn::display_manager::fill_blending_transparency_hblank_effect_attributes(bn::blending_transparency_attributes const*, unsigned short*)
 .text._ZN2bn15display_manager21blending_fade_enabledEv
                0x00000000080064c0       0x10 bn_display_manager.o
                0x00000000080064c0                bn::display_manager::blending_fade_enabled()
 .text._ZN2bn15display_manager39fill_blending_fade_hblank_effect_alphasEPKNS_19blending_fade_alphaEPt
                0x00000000080064d0       0x24 bn_display_manager.o
                0x00000000080064d0                bn::display_manager::fill_blending_fade_hblank_effect_alphas(bn::blending_fade_alpha const*, unsigned short*)
 .text._ZN2bn15display_manager26update_windows_visible_bgsEv
                0x00000000080064f4       0x10 bn_display_manager.o
                0x00000000080064f4                bn::display_manager::update_windows_visible_bgs()
 .text._ZN2bn15display_manager36rect_window_hw_horizontal_boundariesEi
                0x0000000008006504       0x14 bn_display_manager.o
                0x0000000008006504                bn::display_manager::rect_window_hw_horizontal_boundaries(int)
 .text._ZN2bn15display_manager34rect_window_hw_vertical_boundariesEi
                0x0000000008006518       0x14 bn_display_manager.o
                0x0000000008006518                bn::display_manager::rect_window_hw_vertical_boundaries(int)
 .text._ZN2bn15display_manager52fill_rect_window_hblank_effect_horizontal_boundariesERKNS_4pairIiiEEPKNS1_INS_7fixed_tILi12EEES6_EEPt
                0x000000000800652c      0x13c bn_display_manager.o
                0x000000000800652c                bn::display_manager::fill_rect_window_hblank_effect_horizontal_boundaries(bn::pair<int, int> const&, bn::pair<bn::fixed_t<12>, bn::fixed_t<12> > const*, unsigned short*)
 .text._ZN2bn15display_manager50fill_rect_window_hblank_effect_vertical_boundariesERKNS_4pairIiiEEPKNS1_INS_7fixed_tILi12EEES6_EEPt
                0x0000000008006668      0x13c bn_display_manager.o
                0x0000000008006668                bn::display_manager::fill_rect_window_hblank_effect_vertical_boundaries(bn::pair<int, int> const&, bn::pair<bn::fixed_t<12>, bn::fixed_t<12> > const*, unsigned short*)
 .text._ZN2bn15display_manager36fill_green_swap_hblank_effect_statesEPKbPt
                0x00000000080067a4       0x38 bn_display_manager.o
                0x00000000080067a4                bn::display_manager::fill_green_swap_hblank_effect_states(bool const*, unsigned short*)
 .text._ZN2bn15display_manager14update_camerasEv
                0x00000000080067dc       0x40 bn_display_manager.o
                0x00000000080067dc                bn::display_manager::update_cameras()
 .text._ZN2bn15display_manager6updateEv
                0x000000000800681c      0x214 bn_display_manager.o
                0x000000000800681c                bn::display_manager::update()
 .text._ZN2bn15display_manager6commitEv
                0x0000000008006a30      0x164 bn_display_manager.o
                0x0000000008006a30                bn::display_manager::commit()
 .text._ZN2bn15display_manager4stopEv
                0x0000000008006b94       0x28 bn_display_manager.o
                0x0000000008006b94                bn::display_manager::stop()
 .text._ZN3_bn6assert9show_argsIA66_cEEvPKcS4_S4_iRKT_
                0x0000000008006bbc       0x50 bn_display_manager.o
                0x0000000008006bbc                void _bn::assert::show_args<char [66]>(char const*, char const*, char const*, int, char const (&) [66])
 .text.startup._GLOBAL__sub_I__ZNK2bn6window7show_bgERKNS_14regular_bg_ptrE
                0x0000000008006c0c       0x7c bn_display_manager.o
 .text.exit._GLOBAL__sub_D__ZNK2bn6window7show_bgERKNS_14regular_bg_ptrE
                0x0000000008006c88       0x38 bn_display_manager.o
 .text._ZN2bn18igeneric_pool_baseC2EPci
                0x0000000008006cc0       0x10 bn_generic_pool.o
                0x0000000008006cc0                bn::igeneric_pool_base::igeneric_pool_base(char*, int)
                0x0000000008006cc0                bn::igeneric_pool_base::igeneric_pool_base(char*, int)
 .text._ZN2bn18igeneric_pool_base5_freeEPc
                0x0000000008006cd0       0x10 bn_generic_pool.o
                0x0000000008006cd0                bn::igeneric_pool_base::_free(char*)
 .text._ZN3_bn6assert9show_argsIA18_cEEvPKcS4_S4_iRKT_
                0x0000000008006ce0       0x50 bn_generic_pool.o
                0x0000000008006ce0                void _bn::assert::show_args<char [18]>(char const*, char const*, char const*, int, char const (&) [18])
 .text._ZN2bn18igeneric_pool_baseD2Ev
                0x0000000008006d30       0x30 bn_generic_pool.o
                0x0000000008006d30                bn::igeneric_pool_base::~igeneric_pool_base()
                0x0000000008006d30                bn::igeneric_pool_base::~igeneric_pool_base()
 .text._ZN2bn18igeneric_pool_base9_allocateEv
                0x0000000008006d60       0x48 bn_generic_pool.o
                0x0000000008006d60                bn::igeneric_pool_base::_allocate()
 .text._ZN2bn12gpio_manager6commitEv
                0x0000000008006da8       0x48 bn_gpio_manager.o
                0x0000000008006da8                bn::gpio_manager::commit()
 .text._ZN2bn12gpio_manager4stopEv
                0x0000000008006df0       0x3c bn_gpio_manager.o
                0x0000000008006df0                bn::gpio_manager::stop()
 .text._ZN2bn22hblank_effects_manager12_GLOBAL__N_19item_type18_output_values_ptrEv
                0x0000000008006e2c       0x40 bn_hblank_effects_manager.o
 .text._ZN2bn7type_idINS_4pairIiiEEEENS_9type_id_tEv
                0x0000000008006e6c        0x8 bn_hblank_effects_manager.o
                0x0000000008006e6c                bn::type_id_t bn::type_id<bn::pair<int, int> >()
 .text._ZN2bn7type_idINS_33regular_bg_attributes_hbe_handler15last_value_typeEEENS_9type_id_tEv
                0x0000000008006e74        0x8 bn_hblank_effects_manager.o
                0x0000000008006e74                bn::type_id_t bn::type_id<bn::regular_bg_attributes_hbe_handler::last_value_type>()
 .text._ZN2bn7type_idINS_32affine_bg_attributes_hbe_handler15last_value_typeEEENS_9type_id_tEv
                0x0000000008006e7c        0x8 bn_hblank_effects_manager.o
                0x0000000008006e7c                bn::type_id_t bn::type_id<bn::affine_bg_attributes_hbe_handler::last_value_type>()
 .text._ZN2bn7type_idIiEENS_9type_id_tEv
                0x0000000008006e84        0x8 bn_hblank_effects_manager.o
                0x0000000008006e84                bn::type_id_t bn::type_id<int>()
 .text._ZN2bn7type_idINS_47affine_bg_pivot_horizontal_position_hbe_handler15last_value_typeEEENS_9type_id_tEv
                0x0000000008006e8c        0x8 bn_hblank_effects_manager.o
                0x0000000008006e8c                bn::type_id_t bn::type_id<bn::affine_bg_pivot_horizontal_position_hbe_handler::last_value_type>()
 .text._ZN2bn7type_idINS_45affine_bg_pivot_vertical_position_hbe_handler15last_value_typeEEENS_9type_id_tEv
                0x0000000008006e94        0x8 bn_hblank_effects_manager.o
                0x0000000008006e94                bn::type_id_t bn::type_id<bn::affine_bg_pivot_vertical_position_hbe_handler::last_value_type>()
 .text._ZN2bn7type_idINS_35sprite_first_attributes_hbe_handler15last_value_typeEEENS_9type_id_tEv
                0x0000000008006e9c        0x8 bn_hblank_effects_manager.o
                0x0000000008006e9c                bn::type_id_t bn::type_id<bn::sprite_first_attributes_hbe_handler::last_value_type>()
 .text._ZN2bn7type_idINS_35sprite_second_attributes_last_valueEEENS_9type_id_tEv
                0x0000000008006ea4        0x8 bn_hblank_effects_manager.o
                0x0000000008006ea4                bn::type_id_t bn::type_id<bn::sprite_second_attributes_last_value>()
 .text._ZN2bn7type_idINS_17sprite_shape_sizeEEENS_9type_id_tEv
                0x0000000008006eac        0x8 bn_hblank_effects_manager.o
                0x0000000008006eac                bn::type_id_t bn::type_id<bn::sprite_shape_size>()
 .text._ZN2bn22hblank_effects_manager7disableEv
                0x0000000008006eb4       0x24 bn_hblank_effects_manager.o
                0x0000000008006eb4                bn::hblank_effects_manager::disable()
 .text._ZN2bn22hblank_effects_manager6commitEv
                0x0000000008006ed8       0x74 bn_hblank_effects_manager.o
                0x0000000008006ed8                bn::hblank_effects_manager::commit()
 .text._ZN2bn22hblank_effects_manager12_GLOBAL__N_110_is_uint32ENS0_12handler_typeE
                0x0000000008006f4c       0x64 bn_hblank_effects_manager.o
 .text._ZN2bn22hblank_effects_manager12_GLOBAL__N_19item_type12check_updateEv
                0x0000000008006fb0     0x1b54 bn_hblank_effects_manager.o
 .text._ZN2bn22hblank_effects_manager6updateEv
                0x0000000008008b04      0x1ec bn_hblank_effects_manager.o
                0x0000000008008b04                bn::hblank_effects_manager::update()
 .text._ZN2bn22hblank_effects_manager4initEv
                0x0000000008008cf0       0xd4 bn_hblank_effects_manager.o
                0x0000000008008cf0                bn::hblank_effects_manager::init()
 .text._ZN3_bn6assert9show_argsIJA39_cPKN2bn5colorEA4_ciEEEvPKcS9_S9_iDpRKT_
                0x0000000008008dc4       0x64 bn_hblank_effects_manager.o
                0x0000000008008dc4                void _bn::assert::show_args<char [39], bn::color const*, char [4], int>(char const*, char const*, char const*, int, char const (&) [39], bn::color const* const&, char const (&) [4], int const&)
 .text.startup._GLOBAL__sub_I__ZN2bn4hbes10used_countEv
                0x0000000008008e28       0xfc bn_hblank_effects_manager.o
 .text.exit._GLOBAL__sub_D__ZN2bn4hbes10used_countEv
                0x0000000008008f24       0x40 bn_hblank_effects_manager.o
 .text._ZN2bn12hdma_manager7disableEv
                0x0000000008008f64       0x30 bn_hdma_manager.o
                0x0000000008008f64                bn::hdma_manager::disable()
 .text._ZN2bn12hdma_manager10force_stopEv
                0x0000000008008f94       0x3c bn_hdma_manager.o
                0x0000000008008f94                bn::hdma_manager::force_stop()
 .text._ZN2bn12hdma_manager6updateEv
                0x0000000008008fd0       0x6c bn_hdma_manager.o
                0x0000000008008fd0                bn::hdma_manager::update()
 .text._ZN2bn12hdma_manager6commitEb
                0x000000000800903c      0x118 bn_hdma_manager.o
                0x000000000800903c                bn::hdma_manager::commit(bool)
 .text.startup._GLOBAL__sub_I__ZN2bn4hdma7runningEv
                0x0000000008009154       0x34 bn_hdma_manager.o
 .text._ZN2bn14keypad_manager4stopEv
                0x0000000008009188        0x4 bn_keypad_manager.o
                0x0000000008009188                bn::keypad_manager::stop()
 .text._ZN3_bn6assert9show_argsIJA19_ciA4_ciEEEvPKcS5_S5_iDpRKT_
                0x000000000800918c       0x6c bn_keypad_manager.o
                0x000000000800918c                void _bn::assert::show_args<char [19], int, char [4], int>(char const*, char const*, char const*, int, char const (&) [19], int const&, char const (&) [4], int const&)
 .text._ZN2bn14keypad_manager6updateEv
                0x00000000080091f8       0xa8 bn_keypad_manager.o
                0x00000000080091f8                bn::keypad_manager::update()
 .text._ZN3_bn6assert9show_argsIA24_ciEEvPKcS4_S4_iRKT_RKT0_
                0x00000000080092a0       0x58 bn_keypad_manager.o
                0x00000000080092a0                void _bn::assert::show_args<char [24], int>(char const*, char const*, char const*, int, char const (&) [24], int const&)
 .text._ZN2bn14keypad_manager4initERKNS_11string_viewE
                0x00000000080092f8       0x58 bn_keypad_manager.o
                0x00000000080092f8                bn::keypad_manager::init(bn::string_view const&)
 .text._ZN3_bn6assert9show_argsIA16_cEEvPKcS4_S4_iRKT_
                0x0000000008009350       0x50 bn_keypad_manager.o
                0x0000000008009350                void _bn::assert::show_args<char [16]>(char const*, char const*, char const*, int, char const (&) [16])
 .text._ZN2bn12link_manager4initEv
                0x00000000080093a0        0xc bn_link_manager.o
                0x00000000080093a0                bn::link_manager::init()
 .text._ZN2bn12link_manager6activeEv
                0x00000000080093ac        0xc bn_link_manager.o
                0x00000000080093ac                bn::link_manager::active()
 .text._ZN2bn12link_manager7disableEv
                0x00000000080093b8       0x18 bn_link_manager.o
                0x00000000080093b8                bn::link_manager::disable()
 .text._ZN2bn3logERKNS_12istring_baseE
                0x00000000080093d0        0xc bn_log.o
                0x00000000080093d0                bn::log(bn::istring_base const&)
 .text._ZN2bn14memory_manager4initEv
                0x00000000080093dc       0x20 bn_memory_manager.o
                0x00000000080093dc                bn::memory_manager::init()
 .text.exit._GLOBAL__sub_D__Znwj
                0x00000000080093fc       0x14 bn_memory_manager.o
 .text._ZN2bn2hw8palettes9grayscaleEPKNS_5colorEiiPS2_.part.0
                0x0000000008009410       0x40 bn_palettes_manager.o
 .text._ZN2bn14bg_palette_ptrC2ERKS0_
                0x0000000008009450       0x2c bn_palettes_manager.o
                0x0000000008009450                bn::bg_palette_ptr::bg_palette_ptr(bn::bg_palette_ptr const&)
                0x0000000008009450                bn::bg_palette_ptr::bg_palette_ptr(bn::bg_palette_ptr const&)
 .text._ZNK2bn14bg_palette_ptr3bppEv
                0x000000000800947c       0x20 bn_palettes_manager.o
                0x000000000800947c                bn::bg_palette_ptr::bpp() const
 .text._ZNK2bn18sprite_palette_ptr3bppEv
                0x000000000800949c       0x1c bn_palettes_manager.o
                0x000000000800949c                bn::sprite_palette_ptr::bpp() const
 .text._ZNK2bn13palettes_bank10log_statusEv
                0x00000000080094b8      0x188 bn_palettes_manager.o
                0x00000000080094b8                bn::palettes_bank::log_status() const
 .text._ZNK2bn13palettes_bank20retrieve_commit_dataEv
                0x0000000008009640       0x4c bn_palettes_manager.o
                0x0000000008009640                bn::palettes_bank::retrieve_commit_data() const
 .text._ZNK2bn13palettes_bank12_same_colorsERKNS_4spanIKNS_5colorEEEi
                0x000000000800968c       0x50 bn_palettes_manager.o
                0x000000000800968c                bn::palettes_bank::_same_colors(bn::span<bn::color const> const&, int) const
 .text._ZN2bn13palettes_bank10find_bpp_4ERKNS_4spanIKNS_5colorEEEt
                0x00000000080096dc       0xdc bn_palettes_manager.o
                0x00000000080096dc                bn::palettes_bank::find_bpp_4(bn::span<bn::color const> const&, unsigned short)
 .text._ZNK2bn13palettes_bank21_apply_global_effectsEiPNS_5colorE
                0x00000000080097b8      0x13c bn_palettes_manager.o
                0x00000000080097b8                bn::palettes_bank::_apply_global_effects(int, bn::color*) const
 .text._ZNK2bn13palettes_bank25fill_hblank_effect_colorsEPKNS_5colorEPt
                0x00000000080098f4       0x30 bn_palettes_manager.o
                0x00000000080098f4                bn::palettes_bank::fill_hblank_effect_colors(bn::color const*, unsigned short*) const
 .text._ZNK2bn13palettes_bank7palette13apply_effectsEiPNS_5colorE
                0x0000000008009924       0xbc bn_palettes_manager.o
                0x0000000008009924                bn::palettes_bank::palette::apply_effects(int, bn::color*) const
 .text._ZNK2bn13palettes_bank25fill_hblank_effect_colorsEiPKNS_5colorEPt
                0x00000000080099e0       0x44 bn_palettes_manager.o
                0x00000000080099e0                bn::palettes_bank::fill_hblank_effect_colors(int, bn::color const*, unsigned short*) const
 .text._ZN2bn13palettes_bank15_update_paletteEi
                0x0000000008009a24       0x6c bn_palettes_manager.o
                0x0000000008009a24                bn::palettes_bank::_update_palette(int)
 .text._ZN2bn13palettes_bank6updateEv
                0x0000000008009a90      0x124 bn_palettes_manager.o
                0x0000000008009a90                bn::palettes_bank::update()
 .text._ZN2bn13palettes_bankC2Ev
                0x0000000008009bb4       0xcc bn_palettes_manager.o
                0x0000000008009bb4                bn::palettes_bank::palettes_bank()
                0x0000000008009bb4                bn::palettes_bank::palettes_bank()
 .text._ZN2bn16palettes_manager20sprite_palettes_bankEv
                0x0000000008009c80        0x8 bn_palettes_manager.o
                0x0000000008009c80                bn::palettes_manager::sprite_palettes_bank()
 .text._ZN2bn16palettes_manager16bg_palettes_bankEv
                0x0000000008009c88        0x8 bn_palettes_manager.o
                0x0000000008009c88                bn::palettes_manager::bg_palettes_bank()
 .text._ZN2bn16palettes_manager6updateEv
                0x0000000008009c90       0x20 bn_palettes_manager.o
                0x0000000008009c90                bn::palettes_manager::update()
 .text._ZN2bn16palettes_manager6commitEb
                0x0000000008009cb0       0xf4 bn_palettes_manager.o
                0x0000000008009cb0                bn::palettes_manager::commit(bool)
 .text._ZN2bn16palettes_manager4stopEv
                0x0000000008009da4       0x20 bn_palettes_manager.o
                0x0000000008009da4                bn::palettes_manager::stop()
 .text._ZN3_bn6assert9show_argsIA35_cEEvPKcS4_S4_iRKT_
                0x0000000008009dc4       0x50 bn_palettes_manager.o
                0x0000000008009dc4                void _bn::assert::show_args<char [35]>(char const*, char const*, char const*, int, char const (&) [35])
 .text._ZN2bn13palettes_bank11colors_hashERKNS_4spanIKNS_5colorEEE
                0x0000000008009e14       0x50 bn_palettes_manager.o
                0x0000000008009e14                bn::palettes_bank::colors_hash(bn::span<bn::color const> const&)
 .text._ZN3_bn6assert9show_argsIJA43_ciA36_cA42_cEEEvPKcS6_S6_iDpRKT_
                0x0000000008009e64       0x68 bn_palettes_manager.o
                0x0000000008009e64                void _bn::assert::show_args<char [43], int, char [36], char [42]>(char const*, char const*, char const*, int, char const (&) [43], int const&, char const (&) [36], char const (&) [42])
 .text._ZN2bn13palettes_bank12create_bpp_8ERKNS_4spanIKNS_5colorEEENS_16compression_typeEb
                0x0000000008009ecc      0x22c bn_palettes_manager.o
                0x0000000008009ecc                bn::palettes_bank::create_bpp_8(bn::span<bn::color const> const&, bn::compression_type, bool)
 .text._ZNK2bn15bg_palette_item10decompressENS_4spanINS_5colorEEE
                0x000000000800a0f8      0x170 bn_palettes_manager.o
                0x000000000800a0f8                bn::bg_palette_item::decompress(bn::span<bn::color>) const
 .text._ZN2bn13palettes_bank12create_bpp_4ERKNS_4spanIKNS_5colorEEEtb
                0x000000000800a268      0x2a0 bn_palettes_manager.o
                0x000000000800a268                bn::palettes_bank::create_bpp_4(bn::span<bn::color const> const&, unsigned short, bool)
 .text._ZN2bn12_GLOBAL__N_112_create_implERKNS_15bg_palette_itemEb
                0x000000000800a508       0x94 bn_palettes_manager.o
 .text._ZN2bn14bg_palette_ptr6createERKNS_15bg_palette_itemE
                0x000000000800a59c       0x54 bn_palettes_manager.o
                0x000000000800a59c                bn::bg_palette_ptr::create(bn::bg_palette_item const&)
 .text._ZNK2bn15bg_palette_item14create_paletteEv
                0x000000000800a5f0       0x10 bn_palettes_manager.o
                0x000000000800a5f0                bn::bg_palette_item::create_palette() const
 .text._ZN2bn14iunordered_mapItsNS_13palettes_bank15identity_hasherENS_8equal_toItEEE5eraseERKNS5_14const_iteratorE.isra.0
                0x000000000800a600      0x174 bn_palettes_manager.o
 .text._ZN2bn13palettes_bank15decrease_usagesEi.part.0
                0x000000000800a774       0xdc bn_palettes_manager.o
 .text._ZN2bn14bg_palette_ptrD2Ev
                0x000000000800a850       0x3c bn_palettes_manager.o
                0x000000000800a850                bn::bg_palette_ptr::~bg_palette_ptr()
                0x000000000800a850                bn::bg_palette_ptr::~bg_palette_ptr()
 .text._ZN2bn14bg_palette_ptraSERKS0_
                0x000000000800a88c       0x5c bn_palettes_manager.o
                0x000000000800a88c                bn::bg_palette_ptr::operator=(bn::bg_palette_ptr const&)
 .text.startup._GLOBAL__sub_I__ZN2bn11bg_palettes17used_colors_countEv
                0x000000000800a8e8       0x20 bn_palettes_manager.o
 .text._ZNK2bn21sprite_affine_mat_ptr15horizontal_flipEv
                0x000000000800a908       0x18 bn_sprite_affine_mats_manager.o
                0x000000000800a908                bn::sprite_affine_mat_ptr::horizontal_flip() const
 .text._ZNK2bn21sprite_affine_mat_ptr13vertical_flipEv
                0x000000000800a920       0x18 bn_sprite_affine_mats_manager.o
                0x000000000800a920                bn::sprite_affine_mat_ptr::vertical_flip() const
 .text._ZN2bn26sprite_affine_mats_manager20retrieve_commit_dataEv
                0x000000000800a938       0x38 bn_sprite_affine_mats_manager.o
                0x000000000800a938                bn::sprite_affine_mats_manager::retrieve_commit_data()
 .text._ZN2bn26sprite_affine_mats_manager15decrease_usagesEi.part.0
                0x000000000800a970       0x68 bn_sprite_affine_mats_manager.o
 .text._ZN2bn21sprite_affine_mat_ptrD2Ev
                0x000000000800a9d8       0x34 bn_sprite_affine_mats_manager.o
                0x000000000800a9d8                bn::sprite_affine_mat_ptr::~sprite_affine_mat_ptr()
                0x000000000800a9d8                bn::sprite_affine_mat_ptr::~sprite_affine_mat_ptr()
 .text._ZN2bn26sprite_affine_mats_manager6updateEv
                0x000000000800aa0c       0xa0 bn_sprite_affine_mats_manager.o
                0x000000000800aa0c                bn::sprite_affine_mats_manager::update()
 .text._ZN2bn26sprite_affine_mats_manager4initEPv
                0x000000000800aaac       0x6c bn_sprite_affine_mats_manager.o
                0x000000000800aaac                bn::sprite_affine_mats_manager::init(void*)
 .text._ZN2bn26sprite_affine_mats_manager14dettach_spriteEiRNS_24intrusive_list_node_typeE
                0x000000000800ab18       0x4c bn_sprite_affine_mats_manager.o
                0x000000000800ab18                bn::sprite_affine_mats_manager::dettach_sprite(int, bn::intrusive_list_node_type&)
 .text.startup._GLOBAL__sub_I__ZN2bn18sprite_affine_mats10used_countEv
                0x000000000800ab64       0x98 bn_sprite_affine_mats_manager.o
 .text.exit._GLOBAL__sub_D__ZN2bn18sprite_affine_mats10used_countEv
                0x000000000800abfc       0x3c bn_sprite_affine_mats_manager.o
 .text._ZNK2bn16sprite_tiles_ptr2idEv
                0x000000000800ac38       0x18 bn_sprite_tiles_manager.o
                0x000000000800ac38                bn::sprite_tiles_ptr::id() const
 .text._ZNK2bn16sprite_tiles_ptr11tiles_countEv
                0x000000000800ac50       0x18 bn_sprite_tiles_manager.o
                0x000000000800ac50                bn::sprite_tiles_ptr::tiles_count() const
 .text._ZN2bn20sprite_tiles_manager19commit_uncompressedEb
                0x000000000800ac68       0xdc bn_sprite_tiles_manager.o
                0x000000000800ac68                bn::sprite_tiles_manager::commit_uncompressed(bool)
 .text._ZN2bn20sprite_tiles_manager17commit_compressedEv
                0x000000000800ad44       0xe4 bn_sprite_tiles_manager.o
                0x000000000800ad44                bn::sprite_tiles_manager::commit_compressed()
 .text._ZN2bn20sprite_tiles_manager4initEv
                0x000000000800ae28       0xf4 bn_sprite_tiles_manager.o
                0x000000000800ae28                bn::sprite_tiles_manager::init()
 .text._ZN2bn20sprite_tiles_manager12_GLOBAL__N_117_insert_free_itemEiPt
                0x000000000800af1c       0xcc bn_sprite_tiles_manager.o
 .text._ZN2bn20sprite_tiles_manager12_GLOBAL__N_116_erase_free_itemEi
                0x000000000800afe8       0xe4 bn_sprite_tiles_manager.o
 .text._ZN2bn14iunordered_mapIPKNS_4tileEiNS_4hashIS3_EENS_8equal_toIS3_EEE5eraseERKNS8_14const_iteratorE.isra.0
                0x000000000800b0cc      0x17c bn_sprite_tiles_manager.o
 .text._ZN2bn20sprite_tiles_manager6updateEv
                0x000000000800b248      0x238 bn_sprite_tiles_manager.o
                0x000000000800b248                bn::sprite_tiles_manager::update()
 .text.startup._GLOBAL__sub_I__ZN2bn12sprite_tiles16used_tiles_countEv
                0x000000000800b480      0x11c bn_sprite_tiles_manager.o
 .text._ZN2bn15sprites_manager12_GLOBAL__N_125_update_indexes_to_commitERKNS_20sprites_manager_itemE
                0x000000000800b59c       0x48 bn_sprites_manager.o
 .text._ZN2bn13ostringstream11append_argsIiJA4_ciEEEvRKT_DpRKT0_.isra.0
                0x000000000800b5e4       0x24 bn_sprites_manager.o
 .text._ZN2bn15sprites_manager12_GLOBAL__N_123_update_item_dimensionsERNS_20sprites_manager_itemE
                0x000000000800b608       0xcc bn_sprites_manager.o
 .text._ZN2bn15sprites_manager4initEv
                0x000000000800b6d4       0x34 bn_sprites_manager.o
                0x000000000800b6d4                bn::sprites_manager::init()
 .text._ZN2bn15sprites_manager5hw_idEPv
                0x000000000800b708        0x8 bn_sprites_manager.o
                0x000000000800b708                bn::sprites_manager::hw_id(void*)
 .text._ZN2bn15sprites_manager5shapeEPv
                0x000000000800b710        0x8 bn_sprites_manager.o
                0x000000000800b710                bn::sprites_manager::shape(void*)
 .text._ZN2bn15sprites_manager4sizeEPv
                0x000000000800b718        0x8 bn_sprites_manager.o
                0x000000000800b718                bn::sprites_manager::size(void*)
 .text._ZN2bn15sprites_manager10shape_sizeEPv
                0x000000000800b720       0x14 bn_sprites_manager.o
                0x000000000800b720                bn::sprites_manager::shape_size(void*)
 .text._ZN2bn15sprites_manager11hw_positionEPv
                0x000000000800b734        0x4 bn_sprites_manager.o
                0x000000000800b734                bn::sprites_manager::hw_position(void*)
 .text._ZN2bn15sprites_manager9view_modeEPv
                0x000000000800b738        0xc bn_sprites_manager.o
                0x000000000800b738                bn::sprites_manager::view_mode(void*)
 .text._ZN2bn15sprites_manager10affine_matEPv
                0x000000000800b744        0x4 bn_sprites_manager.o
                0x000000000800b744                bn::sprites_manager::affine_mat(void*)
 .text._ZN2bn15sprites_manager39fill_hblank_effect_horizontal_positionsEPviPKNS_7fixed_tILi12EEEPt
                0x000000000800b748       0x44 bn_sprites_manager.o
                0x000000000800b748                bn::sprites_manager::fill_hblank_effect_horizontal_positions(void*, int, bn::fixed_t<12> const*, unsigned short*)
 .text._ZN2bn15sprites_manager37fill_hblank_effect_vertical_positionsEPviPKNS_7fixed_tILi12EEEPt
                0x000000000800b78c       0x44 bn_sprites_manager.o
                0x000000000800b78c                bn::sprites_manager::fill_hblank_effect_vertical_positions(void*, int, bn::fixed_t<12> const*, unsigned short*)
 .text._ZN2bn15sprites_manager35fill_hblank_effect_first_attributesEiNS_12sprite_shapeENS_8bpp_modeEiPKNS_23sprite_first_attributesEPt
                0x000000000800b7d0      0x108 bn_sprites_manager.o
                0x000000000800b7d0                bn::sprites_manager::fill_hblank_effect_first_attributes(int, bn::sprite_shape, bn::bpp_mode, int, bn::sprite_first_attributes const*, unsigned short*)
 .text._ZN2bn15sprites_manager44fill_hblank_effect_regular_second_attributesEPviNS_11sprite_sizeEPKNS_32sprite_regular_second_attributesEPt
                0x000000000800b8d8       0x60 bn_sprites_manager.o
                0x000000000800b8d8                bn::sprites_manager::fill_hblank_effect_regular_second_attributes(void*, int, bn::sprite_size, bn::sprite_regular_second_attributes const*, unsigned short*)
 .text._ZN2bn15sprites_manager43fill_hblank_effect_affine_second_attributesEPviNS_11sprite_sizeEPKNS_31sprite_affine_second_attributesEPt
                0x000000000800b938       0x58 bn_sprites_manager.o
                0x000000000800b938                bn::sprites_manager::fill_hblank_effect_affine_second_attributes(void*, int, bn::sprite_size, bn::sprite_affine_second_attributes const*, unsigned short*)
 .text._ZN2bn15sprites_manager14update_camerasEv
                0x000000000800b990       0x2c bn_sprites_manager.o
                0x000000000800b990                bn::sprites_manager::update_cameras()
 .text._ZN2bn15sprites_manager6commitEb
                0x000000000800b9bc       0xa4 bn_sprites_manager.o
                0x000000000800b9bc                bn::sprites_manager::commit(bool)
 .text._ZNK2bn17sprite_shape_size11tiles_countENS_8bpp_modeE
                0x000000000800ba60      0x150 bn_sprites_manager.o
                0x000000000800ba60                bn::sprite_shape_size::tiles_count(bn::bpp_mode) const
 .text._ZN2bn15sprites_manager12_GLOBAL__N_118_remove_affine_matERNS_20sprites_manager_itemE
                0x000000000800bbb0       0xd4 bn_sprites_manager.o
 .text._ZN2bn15sprites_manager40remove_identity_affine_mat_if_not_neededEPv
                0x000000000800bc84       0x18 bn_sprites_manager.o
                0x000000000800bc84                bn::sprites_manager::remove_identity_affine_mat_if_not_needed(void*)
 .text._ZN2bn15sprites_manager7paletteEPv
                0x000000000800bc9c       0x34 bn_sprites_manager.o
                0x000000000800bc9c                bn::sprites_manager::palette(void*)
 .text._ZN2bn15sprites_manager6updateEv
                0x000000000800bcd0      0x17c bn_sprites_manager.o
                0x000000000800bcd0                bn::sprites_manager::update()
 .text._ZN3_bn6assert9show_argsIJA27_ciA4_ciEEEvPKcS5_S5_iDpRKT_
                0x000000000800be4c       0x5c bn_sprites_manager.o
                0x000000000800be4c                void _bn::assert::show_args<char [27], int, char [4], int>(char const*, char const*, char const*, int, char const (&) [27], int const&, char const (&) [4], int const&)
 .text._ZN2bn15sprites_manager35fill_hblank_effect_third_attributesENS_17sprite_shape_sizeEPKNS_23sprite_third_attributesEPt
                0x000000000800bea8       0xb4 bn_sprites_manager.o
                0x000000000800bea8                bn::sprites_manager::fill_hblank_effect_third_attributes(bn::sprite_shape_size, bn::sprite_third_attributes const*, unsigned short*)
 .text.startup._GLOBAL__sub_I__ZN2bn7sprites16used_items_countEv
                0x000000000800bf5c       0x9c bn_sprites_manager.o
 .text.exit._GLOBAL__sub_D__ZN2bn7sprites16used_items_countEv
                0x000000000800bff8       0x4c bn_sprites_manager.o
 .text._ZN2bn13ostringstreamC2ERNS_12istring_baseE
                0x000000000800c044        0x8 bn_sstream.o
                0x000000000800c044                bn::ostringstream::ostringstream(bn::istring_base&)
                0x000000000800c044                bn::ostringstream::ostringstream(bn::istring_base&)
 .text._ZNK2bn13ostringstream4sizeEv
                0x000000000800c04c        0x8 bn_sstream.o
                0x000000000800c04c                bn::ostringstream::size() const
 .text._ZN2bn13ostringstream6appendEPKc
                0x000000000800c054       0x88 bn_sstream.o
                0x000000000800c054                bn::ostringstream::append(char const*)
 .text._ZN2bn13ostringstream6appendEi
                0x000000000800c0dc       0x9c bn_sstream.o
                0x000000000800c0dc                bn::ostringstream::append(int)
 .text._ZN2bn13ostringstream6appendERKNS_11string_viewE
                0x000000000800c178       0x94 bn_sstream.o
                0x000000000800c178                bn::ostringstream::append(bn::string_view const&)
 .text._ZN2bn13ostringstream6appendEj
                0x000000000800c20c       0x9c bn_sstream.o
                0x000000000800c20c                bn::ostringstream::append(unsigned int)
 .text._ZN2bn13ostringstream6appendEPKv
                0x000000000800c2a8       0xe8 bn_sstream.o
                0x000000000800c2a8                bn::ostringstream::append(void const*)
 .text._ZN2bn13ostringstream16_append_fractionEji
                0x000000000800c390       0xfc bn_sstream.o
                0x000000000800c390                bn::ostringstream::_append_fraction(unsigned int, int)
 .text._ZN2bn13ostringstream6appendEc
                0x000000000800c48c       0x44 bn_sstream.o
                0x000000000800c48c                bn::ostringstream::append(char)
 .text._ZN2bn5timerC2Ev
                0x000000000800c4d0       0x18 bn_timer.o
                0x000000000800c4d0                bn::timer::timer()
                0x000000000800c4d0                bn::timer::timer()
 .text._ZNK2bn5timer13elapsed_ticksEv
                0x000000000800c4e8       0x38 bn_timer.o
                0x000000000800c4e8                bn::timer::elapsed_ticks() const
 .text._ZN2bn5timer7restartEv
                0x000000000800c520       0x18 bn_timer.o
                0x000000000800c520                bn::timer::restart()
 .text._ZN2bn2hw5audio12_GLOBAL__N_124_disabled_vblank_handlerEv
                0x000000000800c538       0x10 bn_hw_audio.bn_noflto.o
 .text._ZN2bn2hw5audio12_GLOBAL__N_17_commitEv
                0x000000000800c548       0x7c bn_hw_audio.bn_noflto.o
 .text._ZN2bn2hw5audio12_GLOBAL__N_123_enabled_vblank_handlerEv
                0x000000000800c5c4       0x24 bn_hw_audio.bn_noflto.o
 .text._ZN2bn2hw5audio4initEv
                0x000000000800c5e8       0x68 bn_hw_audio.bn_noflto.o
                0x000000000800c5e8                bn::hw::audio::init()
 .text._ZN2bn2hw5audio7disableEv
                0x000000000800c650       0x30 bn_hw_audio.bn_noflto.o
                0x000000000800c650                bn::hw::audio::disable()
 .text._ZN2bn2hw5audio13music_playingEv
                0x000000000800c680       0x10 bn_hw_audio.bn_noflto.o
                0x000000000800c680                bn::hw::audio::music_playing()
 .text._ZN2bn2hw5audio10play_musicEiib
                0x000000000800c690       0x2c bn_hw_audio.bn_noflto.o
                0x000000000800c690                bn::hw::audio::play_music(int, int, bool)
 .text._ZN2bn2hw5audio10stop_musicEv
                0x000000000800c6bc        0xc bn_hw_audio.bn_noflto.o
                0x000000000800c6bc                bn::hw::audio::stop_music()
 .text._ZN2bn2hw5audio11pause_musicEv
                0x000000000800c6c8        0xc bn_hw_audio.bn_noflto.o
                0x000000000800c6c8                bn::hw::audio::pause_music()
 .text._ZN2bn2hw5audio12resume_musicEv
                0x000000000800c6d4        0xc bn_hw_audio.bn_noflto.o
                0x000000000800c6d4                bn::hw::audio::resume_music()
 .text._ZN2bn2hw5audio14music_positionEv
                0x000000000800c6e0        0xc bn_hw_audio.bn_noflto.o
                0x000000000800c6e0                bn::hw::audio::music_position()
 .text._ZN2bn2hw5audio18set_music_positionEi
                0x000000000800c6ec        0xc bn_hw_audio.bn_noflto.o
                0x000000000800c6ec                bn::hw::audio::set_music_position(int)
 .text._ZN2bn2hw5audio16set_music_volumeEi
                0x000000000800c6f8        0xc bn_hw_audio.bn_noflto.o
                0x000000000800c6f8                bn::hw::audio::set_music_volume(int)
 .text._ZN2bn2hw5audio22disable_vblank_handlerEv
                0x000000000800c704       0x14 bn_hw_audio.bn_noflto.o
                0x000000000800c704                bn::hw::audio::disable_vblank_handler()
 .text._ZN2bn2hw5audio6updateEb
                0x000000000800c718       0x18 bn_hw_audio.bn_noflto.o
                0x000000000800c718                bn::hw::audio::update(bool)
 .text._ZN2bn2hw5audio6commitEv
                0x000000000800c730       0x20 bn_hw_audio.bn_noflto.o
                0x000000000800c730                bn::hw::audio::commit()
 .text._ZN2bn2hw5audio12_GLOBAL__N_119_add_sound_to_queueEit
                0x000000000800c750       0xa0 bn_hw_audio.bn_noflto.o
 .text._ZN2bn2hw5audio15stop_all_soundsEv
                0x000000000800c7f0       0x6c bn_hw_audio.bn_noflto.o
                0x000000000800c7f0                bn::hw::audio::stop_all_sounds()
 .text._ZN2bn2hw5audio12_GLOBAL__N_119_check_sounds_queueEv.part.0
                0x000000000800c85c       0x9c bn_hw_audio.bn_noflto.o
 .text._ZN2bn2hw5audio10play_soundEiiiii
                0x000000000800c8f8       0x44 bn_hw_audio.bn_noflto.o
                0x000000000800c8f8                bn::hw::audio::play_sound(int, int, int, int, int)
 .text._ZN2bn2hw5audio10play_soundEii
                0x000000000800c93c       0x30 bn_hw_audio.bn_noflto.o
                0x000000000800c93c                bn::hw::audio::play_sound(int, int)
 .text._ZN2bn2hw5audio19update_sounds_queueEv
                0x000000000800c96c       0x94 bn_hw_audio.bn_noflto.o
                0x000000000800c96c                bn::hw::audio::update_sounds_queue()
 .text.startup._GLOBAL__sub_I__ZN2bn2hw5audio4initEv
                0x000000000800ca00       0x30 bn_hw_audio.bn_noflto.o
 .text.exit._GLOBAL__sub_D__ZN2bn2hw5audio4initEv
                0x000000000800ca30       0x74 bn_hw_audio.bn_noflto.o
 .text._ZN3_bn6assert9show_argsIA40_cEEvPKcS4_S4_iRKT_
                0x000000000800caa4       0x50 bn_hw_common.bn_noflto.o
                0x000000000800caa4                void _bn::assert::show_args<char [40]>(char const*, char const*, char const*, int, char const (&) [40])
 .text.__aeabi_idiv0
                0x000000000800caf4       0x24 bn_hw_common.bn_noflto.o
                0x000000000800caf4                __aeabi_idiv0
 .text._ZN2bn2hw8game_pak14_slow_game_pakEv
                0x000000000800cb18       0x88 bn_hw_game_pak.bn_ewram.o
                0x000000000800cb18                bn::hw::game_pak::_slow_game_pak()
 .text._ZN2bn2hw8game_pak4initEv
                0x000000000800cba0       0x28 bn_hw_game_pak.o
                0x000000000800cba0                bn::hw::game_pak::init()
 .text._ZN2bn2hw3irq4initEv
                0x000000000800cbc8        0xc bn_hw_irq.o
                0x000000000800cbc8                bn::hw::irq::init()
 .text._ZN2bn2hw3irq7set_isrENS1_2idEPFvvE
                0x000000000800cbd4       0x10 bn_hw_irq.o
                0x000000000800cbd4                bn::hw::irq::set_isr(bn::hw::irq::id, void (*)())
 .text._ZN2bn2hw3irq6enableENS1_2idE
                0x000000000800cbe4       0x10 bn_hw_irq.o
                0x000000000800cbe4                bn::hw::irq::enable(bn::hw::irq::id)
 .text._ZN2bn2hw3irq7disableENS1_2idE
                0x000000000800cbf4       0x10 bn_hw_irq.o
                0x000000000800cbf4                bn::hw::irq::disable(bn::hw::irq::id)
 .text._ZN2bn2hw4link12_GLOBAL__N_119_resetStateCallbackEv
                0x000000000800cc04       0x4c bn_hw_link.o
 .text._ZN2bn2hw4link4initEv
                0x000000000800cc50       0xc0 bn_hw_link.o
                0x000000000800cc50                bn::hw::link::init()
 .text._ZN2bn2hw4link6activeEv
                0x000000000800cd10       0x10 bn_hw_link.o
                0x000000000800cd10                bn::hw::link::active()
 .text._ZN2bn2hw4link7disableEv
                0x000000000800cd20       0x6c bn_hw_link.o
                0x000000000800cd20                bn::hw::link::disable()
 .text._ZN2bn2hw4link6commitEv
                0x000000000800cd8c       0x30 bn_hw_link.o
                0x000000000800cd8c                bn::hw::link::commit()
 .text._ZN2bn2hw4link11_timer_intrEv
                0x000000000800cdbc       0xf8 bn_hw_link.o
                0x000000000800cdbc                bn::hw::link::_timer_intr()
 .text._ZN2bn2hw4link12_serial_intrEv
                0x000000000800ceb4      0x1bc bn_hw_link.o
                0x000000000800ceb4                bn::hw::link::_serial_intr()
 .text._ZN2bn2hw4link12_GLOBAL__N_117_sendDataCallbackEv
                0x000000000800d070       0xe0 bn_hw_link.o
 .text._ZN2bn2hw4link12_GLOBAL__N_124_receiveResponseCallbackERK12LinkResponse
                0x000000000800d150      0x158 bn_hw_link.o
 .text.startup._GLOBAL__sub_I__ZN2bn2hw4link4initEv
                0x000000000800d2a8       0x68 bn_hw_link.o
 .text._ZN2bn2hw3logERKNS_12istring_baseE
                0x000000000800d310       0x58 bn_hw_log.o
                0x000000000800d310                bn::hw::log(bn::istring_base const&)
 .text._ZN2bn2hw6memory4initEv
                0x000000000800d368        0x4 bn_hw_memory.o
                0x000000000800d368                bn::hw::memory::init()
 .text._ZN2bn2hw6memory16ewram_heap_startEv
                0x000000000800d36c        0x8 bn_hw_memory.o
                0x000000000800d36c                bn::hw::memory::ewram_heap_start()
 .text._ZN2bn2hw6memory14ewram_heap_endEv
                0x000000000800d374        0x8 bn_hw_memory.o
                0x000000000800d374                bn::hw::memory::ewram_heap_end()
 .text._ZN2bn2hw8palettes12_GLOBAL__N_110lut_effectEPKNS_5colorEPKhiPS3_
                0x000000000800d37c       0x40 bn_hw_palettes.o
 .text._ZN2bn2hw8palettes10brightnessEPKNS_5colorEiiPS2_
                0x000000000800d3bc       0x54 bn_hw_palettes.o
                0x000000000800d3bc                bn::hw::palettes::brightness(bn::color const*, int, int, bn::color*)
 .text._ZN2bn2hw8palettes8contrastEPKNS_5colorEiiPS2_
                0x000000000800d410       0x18 bn_hw_palettes.o
                0x000000000800d410                bn::hw::palettes::contrast(bn::color const*, int, int, bn::color*)
 .text._ZN2bn2hw8palettes9intensityEPKNS_5colorEiiPS2_
                0x000000000800d428       0x18 bn_hw_palettes.o
                0x000000000800d428                bn::hw::palettes::intensity(bn::color const*, int, int, bn::color*)
 .text._ZN2bn2hw8palettes9hue_shiftEPKNS_5colorEiiPS2_
                0x000000000800d440      0x154 bn_hw_palettes.o
                0x000000000800d440                bn::hw::palettes::hue_shift(bn::color const*, int, int, bn::color*)
 .text._ZN2bn2hw8palettes6rotateEPKNS_5colorEiiPS2_
                0x000000000800d594       0x2c bn_hw_palettes.o
                0x000000000800d594                bn::hw::palettes::rotate(bn::color const*, int, int, bn::color*)
 .text._ZN2bn2hw4show5errorERKNS_11system_fontERKNS_11string_viewES7_S7_iS7_S7_
                0x000000000800d5c0      0x318 bn_hw_show.o
                0x000000000800d5c0                bn::hw::show::error(bn::system_font const&, bn::string_view const&, bn::string_view const&, bn::string_view const&, int, bn::string_view const&, bn::string_view const&)
 .text._ZN2bn2hw4sram4initEv
                0x000000000800d8d8       0x18 bn_hw_sram.o
                0x000000000800d8d8                bn::hw::sram::init()
 .text._ZN2bn11system_fontC2Ev
                0x000000000800d8f0       0x18 bn_hw_system_font.o
                0x000000000800d8f0                bn::system_font::system_font()
                0x000000000800d8f0                bn::system_font::system_font()
 .text._ZNK2bn11system_font8tte_fontEv
                0x000000000800d908        0x4 bn_hw_system_font.o
                0x000000000800d908                bn::system_font::tte_font() const
 .text._ZN2bn2hw4text5parseEiRNS_5arrayIcLi32EEE
                0x000000000800d90c       0xbc bn_hw_text.o
                0x000000000800d90c                bn::hw::text::parse(int, bn::array<char, 32>&)
 .text._ZN2bn2hw4text5parseEjRNS_5arrayIcLi32EEE
                0x000000000800d9c8       0xa0 bn_hw_text.o
                0x000000000800d9c8                bn::hw::text::parse(unsigned int, bn::array<char, 32>&)
 .text._ZN2bn2hw4text5parseEPKvRNS_5arrayIcLi32EEE
                0x000000000800da68       0x30 bn_hw_text.o
                0x000000000800da68                bn::hw::text::parse(void const*, bn::array<char, 32>&)
 .text.clr_grayscale
                0x000000000800da98       0x78 tonc_color.o
                0x000000000800da98                clr_grayscale
 .text.sbmp16_rect
                0x000000000800db10       0x64 tonc_sbmp16.o
                0x000000000800db10                sbmp16_rect
 .text.bmp16_drawg_b1cts
                0x000000000800db74       0xb0 bmp16_drawg_b1cs.o
                0x000000000800db74                bmp16_drawg_b1cts
 .text.bmp16_erase
                0x000000000800dc24       0x24 tte_init_bmp.o
                0x000000000800dc24                bmp16_erase
 .text.tte_init_bmp
                0x000000000800dc48       0x60 tte_init_bmp.o
                0x000000000800dc48                tte_init_bmp
 .text.dummy_drawg
                0x000000000800dca8        0x4 tte_main.o
                0x000000000800dca8                dummy_drawg
 .text.dummy_erase
                0x000000000800dcac        0x4 tte_main.o
                0x000000000800dcac                dummy_erase
 .text.tte_init_base
                0x000000000800dcb0       0x68 tte_main.o
                0x000000000800dcb0                tte_init_base
 .text.utf8_decode_char
                0x000000000800dd18       0xb4 tte_main.o
                0x000000000800dd18                utf8_decode_char
 .text.tte_write
                0x000000000800ddcc       0xe8 tte_main.o
                0x000000000800ddcc                tte_write
 .text.tte_get_text_size
                0x000000000800deb4       0xa4 tte_main.o
                0x000000000800deb4                tte_get_text_size
 .text.tte_set_margins
                0x000000000800df58       0x18 tte_main.o
                0x000000000800df58                tte_set_margins
 .text.IRQ_Init
                0x000000000800df70       0x48 interrupts_gba.o
                0x000000000800df70                IRQ_Init
 .text.IRQ_SetHandler
                0x000000000800dfb8       0x10 interrupts_gba.o
                0x000000000800dfb8                IRQ_SetHandler
 .text.IRQ_Enable
                0x000000000800dfc8       0x64 interrupts_gba.o
                0x000000000800dfc8                IRQ_Enable
 .text.IRQ_Disable
                0x000000000800e02c       0x60 interrupts_gba.o
                0x000000000800e02c                IRQ_Disable
 .text.channel3_refresh_registers
                0x000000000800e08c       0xd0 gbt_player.o
 .text.gbt_refresh_pattern_ptr
                0x000000000800e15c       0x84 gbt_player.o
 .text.gbt_ch1234_nop
                0x000000000800e1e0        0x4 gbt_player.o
 .text.gbt_ch1234_speed
                0x000000000800e1e4       0x10 gbt_player.o
 .text.gbt_ch1234_jump_pattern
                0x000000000800e1f4       0x14 gbt_player.o
 .text.gbt_ch1234_jump_position
                0x000000000800e208       0x1c gbt_player.o
 .text.gbt_ch1234_event
                0x000000000800e224       0x24 gbt_player.o
 .text.gbt_ch1_pan
                0x000000000800e248       0x10 gbt_player.o
 .text.gbt_ch1_cut_note
                0x000000000800e258       0x10 gbt_player.o
 .text.gbt_ch1_arpeggio
                0x000000000800e268       0x34 gbt_player.o
 .text.gbt_ch1_vibrato
                0x000000000800e29c       0x20 gbt_player.o
 .text.gbt_ch1_volslide
                0x000000000800e2bc       0x10 gbt_player.o
 .text.gbt_ch2_pan
                0x000000000800e2cc       0x10 gbt_player.o
 .text.gbt_ch2_cut_note
                0x000000000800e2dc       0x10 gbt_player.o
 .text.gbt_ch2_arpeggio
                0x000000000800e2ec       0x34 gbt_player.o
 .text.gbt_ch2_vibrato
                0x000000000800e320       0x20 gbt_player.o
 .text.gbt_ch2_volslide
                0x000000000800e340       0x10 gbt_player.o
 .text.gbt_ch3_pan
                0x000000000800e350       0x10 gbt_player.o
 .text.gbt_ch3_cut_note
                0x000000000800e360       0x10 gbt_player.o
 .text.gbt_ch3_arpeggio
                0x000000000800e370       0x34 gbt_player.o
 .text.gbt_ch3_vibrato
                0x000000000800e3a4       0x20 gbt_player.o
 .text.gbt_ch4_pan
                0x000000000800e3c4       0x14 gbt_player.o
 .text.gbt_ch4_cut_note
                0x000000000800e3d8       0x10 gbt_player.o
 .text.gbt_ch4_volslide
                0x000000000800e3e8       0x10 gbt_player.o
 .text.gbt_update_refresh_panning
                0x000000000800e3f8       0x50 gbt_player.o
 .text.gbt_run_startup_commands.part.0
                0x000000000800e448       0xd0 gbt_player.o
 .text.gbt_update_effects_internal
                0x000000000800e518      0x2cc gbt_player.o
 .text.gbt_play
                0x000000000800e7e4      0x1dc gbt_player.o
                0x000000000800e7e4                gbt_play
 .text.gbt_volume
                0x000000000800e9c0       0x68 gbt_player.o
                0x000000000800e9c0                gbt_volume
 .text.gbt_is_playing
                0x000000000800ea28        0xc gbt_player.o
                0x000000000800ea28                gbt_is_playing
 .text.gbt_pause
                0x000000000800ea34       0x48 gbt_player.o
                0x000000000800ea34                gbt_pause
 .text.gbt_loop
                0x000000000800ea7c        0xc gbt_player.o
                0x000000000800ea7c                gbt_loop
 .text.gbt_stop
                0x000000000800ea88       0x24 gbt_player.o
                0x000000000800ea88                gbt_stop
 .text.gbt_update
                0x000000000800eaac      0x678 gbt_player.o
                0x000000000800eaac                gbt_update
 .text.gbt_get_position
                0x000000000800f124       0x4c gbt_player.o
                0x000000000800f124                gbt_get_position
 .text.gbt_set_position
                0x000000000800f170       0xe0 gbt_player.o
                0x000000000800f170                gbt_set_position
 .text          0x000000000800f250       0x8c tonc_bios.o
                0x000000000800f250                SoftReset
                0x000000000800f254                RegisterRamReset
                0x000000000800f258                Halt
                0x000000000800f25c                Stop
                0x000000000800f260                IntrWait
                0x000000000800f264                VBlankIntrWait
                0x000000000800f268                Div
                0x000000000800f26c                DivArm
                0x000000000800f270                Sqrt
                0x000000000800f274                ArcTan
                0x000000000800f278                ArcTan2
                0x000000000800f27c                CpuSet
                0x000000000800f280                CpuFastSet
                0x000000000800f284                BiosCheckSum
                0x000000000800f288                BgAffineSet
                0x000000000800f28c                ObjAffineSet
                0x000000000800f290                BitUnPack
                0x000000000800f294                LZ77UnCompWram
                0x000000000800f298                LZ77UnCompVram
                0x000000000800f29c                HuffUnComp
                0x000000000800f2a0                RLUnCompWram
                0x000000000800f2a4                RLUnCompVram
                0x000000000800f2a8                Diff8bitUnFilterWram
                0x000000000800f2ac                Diff8bitUnFilterVram
                0x000000000800f2b0                Diff16bitUnFilter
                0x000000000800f2b4                SoundBias
                0x000000000800f2b8                SoundDriverInit
                0x000000000800f2bc                SoundDriverMode
                0x000000000800f2c0                SoundDriverMain
                0x000000000800f2c4                SoundDriverVSync
                0x000000000800f2c8                SoundChannelClear
                0x000000000800f2cc                MidiKey2Freq
                0x000000000800f2d0                MultiBoot
                0x000000000800f2d4                SoundDriverVSyncOff
                0x000000000800f2d8                SoundDriverVSyncOn
 .text          0x000000000800f2dc       0x3c tonc_memset.o
                0x000000000800f2dc                memset16
 .text          0x000000000800f318      0x26c posprintf.o
                0x000000000800f31c                posprintf
 .text          0x000000000800f584     0x1570 /opt/devkitpro/libgba/lib/libmm.a(mm_mas.o)
                0x000000000800f5f8                mmStart
                0x000000000800f618                mmJingle
                0x000000000800f61e                mmPlayModule
                0x000000000800f6e8                mmPause
                0x000000000800f704                mmResume
                0x000000000800f714                mmActive
                0x000000000800f71a                mmActiveSub
                0x000000000800f720                mmSetModuleVolume
                0x000000000800f730                mmSetJingleVolume
                0x000000000800f76c                mmGetPositionTick
                0x000000000800f772                mmGetPositionRow
                0x000000000800f778                mmGetPosition
                0x000000000800f77e                mmPosition
                0x000000000800f798                mmSetModuleTempo
                0x000000000800f7ca                mmSetModulePitch
                0x000000000800f80c                mmStop
                0x000000000800f8d2                mppUpdateSub
                0x000000000800fa2e                mpp_Process_VolumeCommand
                0x000000000800fc66                mpp_Process_Effect
                0x00000000080103b4                ST3_FREQTABLE
                0x00000000080107d4                IT_PitchTable
 .text          0x0000000008010af4       0x14 /opt/devkitpro/libgba/lib/libmm.a(mm_main.o)
                0x0000000008010af4                mpp_call_r7
                0x0000000008010af6                mpp_call_r1
                0x0000000008010af8                mpp_call_r2
                0x0000000008010afa                mpp_call_r3
                0x0000000008010afc                mmSetEventHandler
 .text          0x0000000008010b08      0x314 /opt/devkitpro/libgba/lib/libmm.a(mm_effect.o)
                0x0000000008010b08                mmResetEffects
                0x0000000008010b34                mmEffect
                0x0000000008010b4a                mmEffectEx
                0x0000000008010c4a                mmEffectActive
                0x0000000008010c7e                mmEffectVolume
                0x0000000008010c9a                mmEffectPanning
                0x0000000008010cae                mmEffectRate
                0x0000000008010cc2                mmEffectCancel
                0x0000000008010cfc                mmEffectRelease
                0x0000000008010d22                mmEffectScaleRate
                0x0000000008010d36                mmSetEffectsVolume
                0x0000000008010d44                mmEffectCancelAll
                0x0000000008010d84                mmUpdateEffects
 .text          0x0000000008010e1c      0x1e0 /opt/devkitpro/libgba/lib/libmm.a(mm_mixer_gba.o)
                0x0000000008010e1c                mmMixerSetSource
                0x0000000008010e30                mmMixerSetRead
                0x0000000008010e3e                mmMixerSetFreq
                0x0000000008010e4e                mmMixerMulFreq
                0x0000000008010e62                mmMixerStopChannel
                0x0000000008010e74                mmMixerChannelActive
                0x0000000008010e86                mmMixerSetVolume
                0x0000000008010e94                mmMixerSetPan
                0x0000000008010ea2                mmMixerInit
 .text          0x0000000008010ffc      0x12c /opt/devkitpro/libgba/lib/libmm.a(mm_main_gba.o)
                0x0000000008010ffc                mmInit
                0x0000000008011050                mmSetVBlankHandler
                0x0000000008011056                mmFrame